Archive member included to satisfy reference by file (symbol)

C:/Users/ailso/.pico-sdk/toolchain/14_2_Rel1/bin/../lib/gcc/arm-none-eabi/14.2.1/thumb/v6-m/nofp\libgcc.a(_dvmd_tls.o)
                              CMakeFiles/main.dir/C_/Users/ailso/.pico-sdk/sdk/2.2.0/src/rp2_common/pico_divider/divider_hardware.S.obj (__aeabi_idiv0)
C:/Users/ailso/.pico-sdk/toolchain/14_2_Rel1/bin/../lib/gcc/arm-none-eabi/14.2.1/thumb/v6-m/nofp\libg.a(libc_a-atoi.o)
                              CMakeFiles/main.dir/C_/Users/ailso/.pico-sdk/sdk/2.2.0/lib/lwip/src/core/netif.c.obj (atoi)
C:/Users/ailso/.pico-sdk/toolchain/14_2_Rel1/bin/../lib/gcc/arm-none-eabi/14.2.1/thumb/v6-m/nofp\libg.a(libc_a-calloc.o)
                              CMakeFiles/main.dir/C_/Users/ailso/.pico-sdk/sdk/2.2.0/src/rp2_common/pico_malloc/malloc.c.obj (calloc)
C:/Users/ailso/.pico-sdk/toolchain/14_2_Rel1/bin/../lib/gcc/arm-none-eabi/14.2.1/thumb/v6-m/nofp\libg.a(libc_a-callocr.o)
                              C:/Users/ailso/.pico-sdk/toolchain/14_2_Rel1/bin/../lib/gcc/arm-none-eabi/14.2.1/thumb/v6-m/nofp\libg.a(libc_a-calloc.o) (_calloc_r)
C:/Users/ailso/.pico-sdk/toolchain/14_2_Rel1/bin/../lib/gcc/arm-none-eabi/14.2.1/thumb/v6-m/nofp\libg.a(libc_a-malloc.o)
                              CMakeFiles/main.dir/C_/Users/ailso/.pico-sdk/sdk/2.2.0/src/rp2_common/pico_malloc/malloc.c.obj (malloc)
C:/Users/ailso/.pico-sdk/toolchain/14_2_Rel1/bin/../lib/gcc/arm-none-eabi/14.2.1/thumb/v6-m/nofp\libg.a(libc_a-mallocr.o)
                              C:/Users/ailso/.pico-sdk/toolchain/14_2_Rel1/bin/../lib/gcc/arm-none-eabi/14.2.1/thumb/v6-m/nofp\libg.a(libc_a-callocr.o) (_malloc_r)
C:/Users/ailso/.pico-sdk/toolchain/14_2_Rel1/bin/../lib/gcc/arm-none-eabi/14.2.1/thumb/v6-m/nofp\libg.a(libc_a-mlock.o)
                              C:/Users/ailso/.pico-sdk/toolchain/14_2_Rel1/bin/../lib/gcc/arm-none-eabi/14.2.1/thumb/v6-m/nofp\libg.a(libc_a-mallocr.o) (__malloc_lock)
C:/Users/ailso/.pico-sdk/toolchain/14_2_Rel1/bin/../lib/gcc/arm-none-eabi/14.2.1/thumb/v6-m/nofp\libg.a(libc_a-realloc.o)
                              CMakeFiles/main.dir/C_/Users/ailso/.pico-sdk/sdk/2.2.0/src/rp2_common/pico_malloc/malloc.c.obj (realloc)
C:/Users/ailso/.pico-sdk/toolchain/14_2_Rel1/bin/../lib/gcc/arm-none-eabi/14.2.1/thumb/v6-m/nofp\libg.a(libc_a-reallocr.o)
                              C:/Users/ailso/.pico-sdk/toolchain/14_2_Rel1/bin/../lib/gcc/arm-none-eabi/14.2.1/thumb/v6-m/nofp\libg.a(libc_a-realloc.o) (_realloc_r)
C:/Users/ailso/.pico-sdk/toolchain/14_2_Rel1/bin/../lib/gcc/arm-none-eabi/14.2.1/thumb/v6-m/nofp\libg.a(libc_a-strtol.o)
                              C:/Users/ailso/.pico-sdk/toolchain/14_2_Rel1/bin/../lib/gcc/arm-none-eabi/14.2.1/thumb/v6-m/nofp\libg.a(libc_a-atoi.o) (_strtol_r)
C:/Users/ailso/.pico-sdk/toolchain/14_2_Rel1/bin/../lib/gcc/arm-none-eabi/14.2.1/thumb/v6-m/nofp\libg.a(libc_a-ctype_.o)
                              CMakeFiles/main.dir/C_/Users/ailso/.pico-sdk/sdk/2.2.0/lib/tinyusb/src/tusb.c.obj (_ctype_)
C:/Users/ailso/.pico-sdk/toolchain/14_2_Rel1/bin/../lib/gcc/arm-none-eabi/14.2.1/thumb/v6-m/nofp\libg.a(libc_a-memcmp.o)
                              CMakeFiles/main.dir/C_/Users/ailso/.pico-sdk/sdk/2.2.0/src/rp2_common/pico_atomic/atomic.c.obj (memcmp)
C:/Users/ailso/.pico-sdk/toolchain/14_2_Rel1/bin/../lib/gcc/arm-none-eabi/14.2.1/thumb/v6-m/nofp\libg.a(libc_a-memmove.o)
                              CMakeFiles/main.dir/C_/Users/ailso/.pico-sdk/sdk/2.2.0/lib/lwip/src/core/def.c.obj (memmove)
C:/Users/ailso/.pico-sdk/toolchain/14_2_Rel1/bin/../lib/gcc/arm-none-eabi/14.2.1/thumb/v6-m/nofp\libg.a(libc_a-strncmp.o)
                              CMakeFiles/main.dir/C_/Users/ailso/.pico-sdk/sdk/2.2.0/lib/lwip/src/core/def.c.obj (strncmp)
C:/Users/ailso/.pico-sdk/toolchain/14_2_Rel1/bin/../lib/gcc/arm-none-eabi/14.2.1/thumb/v6-m/nofp\libg.a(libc_a-strstr.o)
                              CMakeFiles/main.dir/main.c.obj (strstr)
C:/Users/ailso/.pico-sdk/toolchain/14_2_Rel1/bin/../lib/gcc/arm-none-eabi/14.2.1/thumb/v6-m/nofp\libg.a(libc_a-lcltime_r.o)
                              CMakeFiles/main.dir/C_/Users/ailso/.pico-sdk/sdk/2.2.0/src/common/pico_util/datetime.c.obj (localtime_r)
C:/Users/ailso/.pico-sdk/toolchain/14_2_Rel1/bin/../lib/gcc/arm-none-eabi/14.2.1/thumb/v6-m/nofp\libg.a(libc_a-mktime.o)
                              CMakeFiles/main.dir/C_/Users/ailso/.pico-sdk/sdk/2.2.0/src/common/pico_util/datetime.c.obj (mktime)
C:/Users/ailso/.pico-sdk/toolchain/14_2_Rel1/bin/../lib/gcc/arm-none-eabi/14.2.1/thumb/v6-m/nofp\libg.a(libc_a-month_lengths.o)
                              C:/Users/ailso/.pico-sdk/toolchain/14_2_Rel1/bin/../lib/gcc/arm-none-eabi/14.2.1/thumb/v6-m/nofp\libg.a(libc_a-lcltime_r.o) (__month_lengths)
C:/Users/ailso/.pico-sdk/toolchain/14_2_Rel1/bin/../lib/gcc/arm-none-eabi/14.2.1/thumb/v6-m/nofp\libg.a(libc_a-tzcalc_limits.o)
[...]
Memory Configuration

Name             Origin             Length             Attributes
FLASH            0x10000000         0x00200000         xr
RAM              0x20000000         0x00040000         xrw
SCRATCH_X        0x20040000         0x00001000         xrw
SCRATCH_Y        0x20041000         0x00001000         xrw
*default*        0x00000000         0xffffffff

Linker script and memory map

LOAD C:/Users/ailso/.pico-sdk/toolchain/14_2_Rel1/bin/../lib/gcc/arm-none-eabi/14.2.1/thumb/v6-m/nofp/crti.o
LOAD C:/Users/ailso/.pico-sdk/toolchain/14_2_Rel1/bin/../lib/gcc/arm-none-eabi/14.2.1/thumb/v6-m/nofp/crtbegin.o
LOAD C:/Users/ailso/.pico-sdk/toolchain/14_2_Rel1/bin/../lib/gcc/arm-none-eabi/14.2.1/thumb/v6-m/nofp/crt0.o

.flash_begin    0x10000000        0x0
                0x10000000                        __flash_binary_start = .

.boot2          0x10000000      0x100
                0x10000000                        __boot2_start__ = .
 *(.boot2)
 .boot2         0x10000000      0x100 pico-sdk/src/rp2040/boot_stage2/CMakeFiles/bs2_default_library.dir/./bs2_default_padded_checksummed.S.obj
                0x10000100                        __boot2_end__ = .
                0x00000001                        ASSERT (((__boot2_end__ - __boot2_start__) == 0x100), ERROR: Pico second stage bootloader must be 256 bytes in size)

.text           0x10000100    0x1ab38
                0x10000100                        __logical_binary_start = .
 *(.vectors)
 .vectors       0x10000100       0xd4 CMakeFiles/main.dir/C_/Users/ailso/.pico-sdk/sdk/2.2.0/src/rp2_common/pico_crt0/crt0.S.obj
                0x10000100                __VECTOR_TABLE
                0x10000100                __vectors
                0x100001c0                isr_irq13
                0x100001c0                isr_irq27
                0x100001c0                isr_irq31
                0x100001c0                isr_irq12
                0x100001c0                isr_irq5
                0x100001c0                isr_irq11
                0x100001c0                isr_irq3
                0x100001c0                isr_irq23
                0x100001c0                __unhandled_user_irq
                0x100001c0                isr_irq26
                0x100001c0                isr_irq28
                0x100001c0                isr_irq19
                0x100001c0                isr_irq0
                0x100001c0                isr_irq6
                0x100001c0                isr_irq29
                0x100001c0                isr_irq16
                0x100001c0                isr_irq22
                0x100001c0                isr_irq18
                0x100001c0                isr_irq17
                0x100001c0                isr_irq14
                0x100001c0                __vectors_end
                0x100001c0                __default_isrs_start
                0x100001c0                isr_irq2
                0x100001c0                isr_irq10
                0x100001c0                isr_irq8
                0x100001c0                isr_irq24
                0x100001c0                isr_irq1
                0x100001c0                isr_irq7
                0x100001c0                isr_irq21
                0x100001c0                isr_irq20
                0x100001c0                isr_irq15
                0x100001c0                isr_irq25
                0x100001c0                isr_irq4
                0x100001c0                isr_irq30
                0x100001c0                isr_irq9
                0x100001c6                unhandled_user_irq_num_in_r0
                0x100001c8                isr_invalid
                0x100001ca                isr_nmi
                0x100001cc                isr_hardfault
                0x100001ce                isr_svcall
                0x100001d0                isr_pendsv
                0x100001d2                isr_systick
                0x100001d4                __default_isrs_end
 *(.binary_info_header)
 .binary_info_header
                0x100001d4       0x14 CMakeFiles/main.dir/C_/Users/ailso/.pico-sdk/sdk/2.2.0/src/rp2_common/pico_crt0/crt0.S.obj
                0x100001e8                        __binary_info_header_end = .
 *(.embedded_block)
                0x100001e8                        __embedded_block_end = .
 *(.reset)
 .reset         0x100001e8       0x9c CMakeFiles/main.dir/C_/Users/ailso/.pico-sdk/sdk/2.2.0/src/rp2_common/pico_crt0/crt0.S.obj
                0x100001e8                _entry_point
 *(.init)
 .init          0x10000284        0x4 C:/Users/ailso/.pico-sdk/toolchain/14_2_Rel1/bin/../lib/gcc/arm-none-eabi/14.2.1/thumb/v6-m/nofp/crti.o
                0x10000284                _init
 *(EXCLUDE_FILE(*libm.a: *libc.a:*lib_a-mem*.o *libgcc.a:) .text*)
 .text.register_tm_clones
                0x10000288       0x28 C:/Users/ailso/.pico-sdk/toolchain/14_2_Rel1/bin/../lib/gcc/arm-none-eabi/14.2.1/thumb/v6-m/nofp/crtbegin.o
 .text.frame_dummy
                0x100002b0       0x24 C:/Users/ailso/.pico-sdk/toolchain/14_2_Rel1/bin/../lib/gcc/arm-none-eabi/14.2.1/thumb/v6-m/nofp/crtbegin.o
 .text.dns_callback
                0x100002d4       0x1c CMakeFiles/main.dir/main.c.obj
 .text.mqtt_incoming_publish_cb
                0x100002f0        0x2 CMakeFiles/main.dir/main.c.obj
 .text.gpio_callback
                0x100002f2       0x12 CMakeFiles/main.dir/main.c.obj
                0x100002f2                gpio_callback
 .text.mqtt_incoming_data_cb
                0x10000304       0x9c CMakeFiles/main.dir/main.c.obj
 .text.led_red  0x100003a0        0xe CMakeFiles/main.dir/main.c.obj
                0x100003a0                led_red
 .text.led_green
                0x100003ae        0xe CMakeFiles/main.dir/main.c.obj
                0x100003ae                led_green
 .text.mqtt_connection_cb
                0x100003bc       0x6c CMakeFiles/main.dir/main.c.obj
 .text.led_yellow
                0x10000428        0xe CMakeFiles/main.dir/main.c.obj
                0x10000428                led_yellow
 .text.led_off  0x10000436        0xe CMakeFiles/main.dir/main.c.obj
                0x10000436                led_off
 .text.vMQTTTask
                0x10000444      0x104 CMakeFiles/main.dir/main.c.obj
                0x10000444                vMQTTTask
 .text.blink_green_3_times
                0x10000548       0x26 CMakeFiles/main.dir/main.c.obj
                0x10000548                blink_green_3_times
 *fill*         0x1000056e        0x2 
 .text.mqtt_send_color
                0x10000570       0x50 CMakeFiles/main.dir/main.c.obj
                0x10000570                mqtt_send_color
 .text.vMainTask
                0x100005c0      0x14c CMakeFiles/main.dir/main.c.obj
                0x100005c0                vMainTask
 .text.main     0x1000070c       0x98 CMakeFiles/main.dir/main.c.obj
                0x1000070c                main
 .text.vl53l0x_hardware_init
                0x100007a4       0x38 CMakeFiles/main.dir/VL53L0X.c.obj
                0x100007a4                vl53l0x_hardware_init
 .text.vl53l0x_sensor_init
                0x100007dc       0x50 CMakeFiles/main.dir/VL53L0X.c.obj
                0x100007dc                vl53l0x_sensor_init
 .text.vl53l0x_read_distance
                0x1000082c       0x94 CMakeFiles/main.dir/VL53L0X.c.obj
                0x1000082c                vl53l0x_read_distance
 .text.tcs34725_init
                0x100008c0       0x88 CMakeFiles/main.dir/TCS34725.c.obj
                0x100008c0                tcs34725_init
 .text.tcs34725_read_rgb
                0x10000948       0x74 CMakeFiles/main.dir/TCS34725.c.obj
                0x10000948                tcs34725_read_rgb
 .text.pwm_set_chan_level
                0x100009bc       0x38 CMakeFiles/main.dir/LED_RGB.c.obj
 .text.pwm_set_gpio_level
                0x100009f4       0x24 CMakeFiles/main.dir/LED_RGB.c.obj
 .text.set_pwm_level
                0x10000a18        0xc CMakeFiles/main.dir/LED_RGB.c.obj
                0x10000a18                set_pwm_level
 .text.led_rgb_init
                0x10000a24       0x74 CMakeFiles/main.dir/LED_RGB.c.obj
                0x10000a24                led_rgb_init
 .text.led_set_color
                0x10000a98       0x20 CMakeFiles/main.dir/LED_RGB.c.obj
                0x10000a98                led_set_color
 .text.msg_generate_packet_id
                0x10000ab8       0x14 CMakeFiles/main.dir/C_/Users/ailso/.pico-sdk/sdk/2.2.0/lib/lwip/src/apps/mqtt/mqtt.c.obj
 .text.mqtt_ringbuf_put
                0x10000acc       0x16 CMakeFiles/main.dir/C_/Users/ailso/.pico-sdk/sdk/2.2.0/lib/lwip/src/apps/mqtt/mqtt.c.obj
 .text.mqtt_ringbuf_get_ptr
                0x10000ae2        0x8 CMakeFiles/main.dir/C_/Users/ailso/.pico-sdk/sdk/2.2.0/lib/lwip/src/apps/mqtt/mqtt.c.obj
 .text.mqtt_ringbuf_len
                0x10000aea       0x16 CMakeFiles/main.dir/C_/Users/ailso/.pico-sdk/sdk/2.2.0/lib/lwip/src/apps/mqtt/mqtt.c.obj
 .text.mqtt_delete_request
                0x10000b00        0x8 CMakeFiles/main.dir/C_/Users/ailso/.pico-sdk/sdk/2.2.0/lib/lwip/src/apps/mqtt/mqtt.c.obj
 .text.mqtt_output_append_u8
                0x10000b08        0x8 CMakeFiles/main.dir/C_/Users/ailso/.pico-sdk/sdk/2.2.0/lib/lwip/src/apps/mqtt/mqtt.c.obj
 .text.mqtt_output_append_u16
                0x10000b10       0x16 CMakeFiles/main.dir/C_/Users/ailso/.pico-sdk/sdk/2.2.0/lib/lwip/src/apps/mqtt/mqtt.c.obj
 .text.mqtt_output_append_buf
                0x10000b26       0x1e CMakeFiles/main.dir/C_/Users/ailso/.pico-sdk/sdk/2.2.0/lib/lwip/src/apps/mqtt/mqtt.c.obj
 .text.mqtt_output_append_string
                0x10000b44       0x2c CMakeFiles/main.dir/C_/Users/ailso/.pico-sdk/sdk/2.2.0/lib/lwip/src/apps/mqtt/mqtt.c.obj
 .text.mqtt_output_append_fixed_header
                0x10000b70       0x52 CMakeFiles/main.dir/C_/Users/ailso/.pico-sdk/sdk/2.2.0/lib/lwip/src/apps/mqtt/mqtt.c.obj
 .text.mqtt_incoming_suback
                0x10000bc2       0x1a CMakeFiles/main.dir/C_/Users/ailso/.pico-sdk/sdk/2.2.0/lib/lwip/src/apps/mqtt/mqtt.c.obj
 .text.mqtt_create_request
                0x10000bdc       0x38 CMakeFiles/main.dir/C_/Users/ailso/.pico-sdk/sdk/2.2.0/lib/lwip/src/apps/mqtt/mqtt.c.obj
 .text.mqtt_output_check_space
                0x10000c14       0x34 CMakeFiles/main.dir/C_/Users/ailso/.pico-sdk/sdk/2.2.0/lib/lwip/src/apps/mqtt/mqtt.c.obj
 .text.mqtt_append_request
                0x10000c48       0x48 CMakeFiles/main.dir/C_/Users/ailso/.pico-sdk/sdk/2.2.0/lib/lwip/src/apps/mqtt/mqtt.c.obj
 .text.mqtt_ringbuf_advance_get_idx
                0x10000c90       0x24 CMakeFiles/main.dir/C_/Users/ailso/.pico-sdk/sdk/2.2.0/lib/lwip/src/apps/mqtt/mqtt.c.obj
 .text.mqtt_request_time_elapsed
                0x10000cb4       0x50 CMakeFiles/main.dir/C_/Users/ailso/.pico-sdk/sdk/2.2.0/lib/lwip/src/apps/mqtt/mqtt.c.obj
 .text.mqtt_clear_requests
                0x10000d04       0x28 CMakeFiles/main.dir/C_/Users/ailso/.pico-sdk/sdk/2.2.0/lib/lwip/src/apps/mqtt/mqtt.c.obj
 .text.mqtt_take_request
                0x10000d2c       0x4c CMakeFiles/main.dir/C_/Users/ailso/.pico-sdk/sdk/2.2.0/lib/lwip/src/apps/mqtt/mqtt.c.obj
 .text.mqtt_init_requests
                0x10000d78       0x24 CMakeFiles/main.dir/C_/Users/ailso/.pico-sdk/sdk/2.2.0/lib/lwip/src/apps/mqtt/mqtt.c.obj
 .text.mqtt_output_send
                0x10000d9c       0xd0 CMakeFiles/main.dir/C_/Users/ailso/.pico-sdk/sdk/2.2.0/lib/lwip/src/apps/mqtt/mqtt.c.obj
 .text.mqtt_tcp_poll_cb
                0x10000e6c       0x14 CMakeFiles/main.dir/C_/Users/ailso/.pico-sdk/sdk/2.2.0/lib/lwip/src/apps/mqtt/mqtt.c.obj
 .text.mqtt_tcp_sent_cb
                0x10000e80       0x44 CMakeFiles/main.dir/C_/Users/ailso/.pico-sdk/sdk/2.2.0/lib/lwip/src/apps/mqtt/mqtt.c.obj
 .text.pub_ack_rec_rel_response
                0x10000ec4       0x54 CMakeFiles/main.dir/C_/Users/ailso/.pico-sdk/sdk/2.2.0/lib/lwip/src/apps/mqtt/mqtt.c.obj
 .text.mqtt_message_received
                0x10000f18      0x270 CMakeFiles/main.dir/C_/Users/ailso/.pico-sdk/sdk/2.2.0/lib/lwip/src/apps/mqtt/mqtt.c.obj
 .text.mqtt_close
                0x10001188       0x74 CMakeFiles/main.dir/C_/Users/ailso/.pico-sdk/sdk/2.2.0/lib/lwip/src/apps/mqtt/mqtt.c.obj
 .text.mqtt_tcp_err_cb
                0x100011fc       0x20 CMakeFiles/main.dir/C_/Users/ailso/.pico-sdk/sdk/2.2.0/lib/lwip/src/apps/mqtt/mqtt.c.obj
 .text.mqtt_cyclic_timer
                0x1000121c       0xc0 CMakeFiles/main.dir/C_/Users/ailso/.pico-sdk/sdk/2.2.0/lib/lwip/src/apps/mqtt/mqtt.c.obj
 .text.mqtt_tcp_connect_cb
                0x100012dc       0x5c CMakeFiles/main.dir/C_/Users/ailso/.pico-sdk/sdk/2.2.0/lib/lwip/src/apps/mqtt/mqtt.c.obj
 .text.mqtt_parse_incoming
                0x10001338      0x112 CMakeFiles/main.dir/C_/Users/ailso/.pico-sdk/sdk/2.2.0/lib/lwip/src/apps/mqtt/mqtt.c.obj
 *fill*         0x1000144a        0x2 
 .text.mqtt_tcp_recv_cb
                0x1000144c       0x80 CMakeFiles/main.dir/C_/Users/ailso/.pico-sdk/sdk/2.2.0/lib/lwip/src/apps/mqtt/mqtt.c.obj
 .text.mqtt_publish
                0x100014cc      0x138 CMakeFiles/main.dir/C_/Users/ailso/.pico-sdk/sdk/2.2.0/lib/lwip/src/apps/mqtt/mqtt.c.obj
                0x100014cc                mqtt_publish
 .text.mqtt_sub_unsub
                0x10001604      0x138 CMakeFiles/main.dir/C_/Users/ailso/.pico-sdk/sdk/2.2.0/lib/lwip/src/apps/mqtt/mqtt.c.obj
                0x10001604                mqtt_sub_unsub
 .text.mqtt_set_inpub_callback
                0x1000173c       0x18 CMakeFiles/main.dir/C_/Users/ailso/.pico-sdk/sdk/2.2.0/lib/lwip/src/apps/mqtt/mqtt.c.obj
                0x1000173c                mqtt_set_inpub_callback
 .text.mqtt_client_new
                0x10001754        0xe CMakeFiles/main.dir/C_/Users/ailso/.pico-sdk/sdk/2.2.0/lib/lwip/src/apps/mqtt/mqtt.c.obj
                0x10001754                mqtt_client_new
 *fill*         0x10001762        0x2 
 .text.mqtt_client_connect
                0x10001764      0x330 CMakeFiles/main.dir/C_/Users/ailso/.pico-sdk/sdk/2.2.0/lib/lwip/src/apps/mqtt/mqtt.c.obj
                0x10001764                mqtt_client_connect
 .text.gpio_default_irq_handler
                0x10001a94       0xa8 CMakeFiles/main.dir/C_/Users/ailso/.pico-sdk/sdk/2.2.0/src/rp2_common/hardware_gpio/gpio.c.obj
 .text._gpio_set_irq_enabled
                0x10001b3c       0x3c CMakeFiles/main.dir/C_/Users/ailso/.pico-sdk/sdk/2.2.0/src/rp2_common/hardware_gpio/gpio.c.obj
 .text.gpio_set_function
                0x10001b78       0x34 CMakeFiles/main.dir/C_/Users/ailso/.pico-sdk/sdk/2.2.0/src/rp2_common/hardware_gpio/gpio.c.obj
                0x10001b78                gpio_set_function
 .text.gpio_set_pulls
                0x10001bac       0x38 CMakeFiles/main.dir/C_/Users/ailso/.pico-sdk/sdk/2.2.0/src/rp2_common/hardware_gpio/gpio.c.obj
                0x10001bac                gpio_set_pulls
 .text.gpio_set_input_hysteresis_enabled
                0x10001be4       0x28 CMakeFiles/main.dir/C_/Users/ailso/.pico-sdk/sdk/2.2.0/src/rp2_common/hardware_gpio/gpio.c.obj
                0x10001be4                gpio_set_input_hysteresis_enabled
 .text.gpio_set_irq_enabled
                0x10001c0c       0x50 CMakeFiles/main.dir/C_/Users/ailso/.pico-sdk/sdk/2.2.0/src/rp2_common/hardware_gpio/gpio.c.obj
                0x10001c0c                gpio_set_irq_enabled
 .text.gpio_set_irq_callback
                0x10001c5c       0x48 CMakeFiles/main.dir/C_/Users/ailso/.pico-sdk/sdk/2.2.0/src/rp2_common/hardware_gpio/gpio.c.obj
                0x10001c5c                gpio_set_irq_callback
 .text.gpio_set_irq_enabled_with_callback
                0x10001ca4       0x28 CMakeFiles/main.dir/C_/Users/ailso/.pico-sdk/sdk/2.2.0/src/rp2_common/hardware_gpio/gpio.c.obj
                0x10001ca4                gpio_set_irq_enabled_with_callback
 .text.gpio_add_raw_irq_handler_with_order_priority_masked
                0x10001ccc       0x40 CMakeFiles/main.dir/C_/Users/ailso/.pico-sdk/sdk/2.2.0/src/rp2_common/hardware_gpio/gpio.c.obj
                0x10001ccc                gpio_add_raw_irq_handler_with_order_priority_masked
 .text.gpio_remove_raw_irq_handler_masked
                0x10001d0c       0x48 CMakeFiles/main.dir/C_/Users/ailso/.pico-sdk/sdk/2.2.0/src/rp2_common/hardware_gpio/gpio.c.obj
                0x10001d0c                gpio_remove_raw_irq_handler_masked
 .text.gpio_init
                0x10001d54       0x16 CMakeFiles/main.dir/C_/Users/ailso/.pico-sdk/sdk/2.2.0/src/rp2_common/hardware_gpio/gpio.c.obj
                0x10001d54                gpio_init
 *fill*         0x10001d6a        0x2 
 .text.rp2040_chip_version
                0x10001d6c       0x54 CMakeFiles/main.dir/C_/Users/ailso/.pico-sdk/sdk/2.2.0/src/rp2040/pico_platform/platform.c.obj
                0x10001d6c                rp2040_chip_version
 .text.panic    0x10001dc0       0x30 CMakeFiles/main.dir/C_/Users/ailso/.pico-sdk/sdk/2.2.0/src/rp2_common/pico_platform_panic/panic.c.obj
                0x10001dc0                panic
 .text.panic_unsupported
                0x10001df0        0xc CMakeFiles/main.dir/C_/Users/ailso/.pico-sdk/sdk/2.2.0/src/rp2_common/pico_platform_panic/panic.c.obj
                0x10001df0                panic_unsupported
 .text.hw_claim_lock
                0x10001dfc       0x18 CMakeFiles/main.dir/C_/Users/ailso/.pico-sdk/sdk/2.2.0/src/common/hardware_claim/claim.c.obj
                0x10001dfc                hw_claim_lock
 .text.hw_claim_unlock
                0x10001e14       0x14 CMakeFiles/main.dir/C_/Users/ailso/.pico-sdk/sdk/2.2.0/src/common/hardware_claim/claim.c.obj
                0x10001e14                hw_claim_unlock
 .text.hw_claim_or_assert
                0x10001e28       0x32 CMakeFiles/main.dir/C_/Users/ailso/.pico-sdk/sdk/2.2.0/src/common/hardware_claim/claim.c.obj
                0x10001e28                hw_claim_or_assert
 .text.hw_claim_unused_from_range
                0x10001e5a       0x50 CMakeFiles/main.dir/C_/Users/ailso/.pico-sdk/sdk/2.2.0/src/common/hardware_claim/claim.c.obj
                0x10001e5a                hw_claim_unused_from_range
 *fill*         0x10001eaa        0x2 
 .text.hw_claim_clear
                0x10001eac       0x40 CMakeFiles/main.dir/C_/Users/ailso/.pico-sdk/sdk/2.2.0/src/common/hardware_claim/claim.c.obj
                0x10001eac                hw_claim_clear
 .text.next_striped_spin_lock_num
                0x10001eec       0x1c CMakeFiles/main.dir/C_/Users/ailso/.pico-sdk/sdk/2.2.0/src/rp2_common/hardware_sync/sync.c.obj
                0x10001eec                next_striped_spin_lock_num
 .text.spin_lock_claim_unused
                0x10001f08       0x24 CMakeFiles/main.dir/C_/Users/ailso/.pico-sdk/sdk/2.2.0/src/rp2_common/hardware_sync/sync.c.obj
                0x10001f08                spin_lock_claim_unused
 .text.spin_locks_reset
                0x10001f2c       0x20 CMakeFiles/main.dir/C_/Users/ailso/.pico-sdk/sdk/2.2.0/src/rp2_common/hardware_sync_spin_lock/sync_spin_lock.c.obj
                0x10001f2c                spin_locks_reset
 .text.set_raw_irq_handler_and_unlock
                0x10001f4c       0x28 CMakeFiles/main.dir/C_/Users/ailso/.pico-sdk/sdk/2.2.0/src/rp2_common/hardware_irq/irq.c.obj
 .text.nvic_ipr0
                0x10001f74        0x8 CMakeFiles/main.dir/C_/Users/ailso/.pico-sdk/sdk/2.2.0/src/rp2_common/hardware_irq/irq.c.obj
 .text.runtime_init_per_core_irq_priorities
                0x10001f7c       0x1c CMakeFiles/main.dir/C_/Users/ailso/.pico-sdk/sdk/2.2.0/src/rp2_common/hardware_irq/irq.c.obj
                0x10001f7c                runtime_init_per_core_irq_priorities
 .text.resolve_j_16
                0x10001f98       0x30 CMakeFiles/main.dir/C_/Users/ailso/.pico-sdk/sdk/2.2.0/src/rp2_common/hardware_irq/irq.c.obj
 .text.make_j_16
                0x10001fc8       0x48 CMakeFiles/main.dir/C_/Users/ailso/.pico-sdk/sdk/2.2.0/src/rp2_common/hardware_irq/irq.c.obj
 .text.insert_bl_32
                0x10002010       0x40 CMakeFiles/main.dir/C_/Users/ailso/.pico-sdk/sdk/2.2.0/src/rp2_common/hardware_irq/irq.c.obj
 .text.irq_is_enabled
                0x10002050       0x18 CMakeFiles/main.dir/C_/Users/ailso/.pico-sdk/sdk/2.2.0/src/rp2_common/hardware_irq/irq.c.obj
                0x10002050                irq_is_enabled
 .text.irq_set_mask_n_enabled
                0x10002068       0x1c CMakeFiles/main.dir/C_/Users/ailso/.pico-sdk/sdk/2.2.0/src/rp2_common/hardware_irq/irq.c.obj
                0x10002068                irq_set_mask_n_enabled
 .text.irq_set_enabled
                0x10002084       0x14 CMakeFiles/main.dir/C_/Users/ailso/.pico-sdk/sdk/2.2.0/src/rp2_common/hardware_irq/irq.c.obj
                0x10002084                irq_set_enabled
 .text.irq_set_pending
                0x10002098       0x10 CMakeFiles/main.dir/C_/Users/ailso/.pico-sdk/sdk/2.2.0/src/rp2_common/hardware_irq/irq.c.obj
                0x10002098                irq_set_pending
 .text.irq_get_vtable_handler
                0x100020a8       0x10 CMakeFiles/main.dir/C_/Users/ailso/.pico-sdk/sdk/2.2.0/src/rp2_common/hardware_irq/irq.c.obj
                0x100020a8                irq_get_vtable_handler
 .text.irq_has_shared_handler
                0x100020b8       0x1c CMakeFiles/main.dir/C_/Users/ailso/.pico-sdk/sdk/2.2.0/src/rp2_common/hardware_irq/irq.c.obj
                0x100020b8                irq_has_shared_handler
 .text.irq_has_handler
                0x100020d4       0x20 CMakeFiles/main.dir/C_/Users/ailso/.pico-sdk/sdk/2.2.0/src/rp2_common/hardware_irq/irq.c.obj
                0x100020d4                irq_has_handler
 .text.irq_set_exclusive_handler
                0x100020f4       0x54 CMakeFiles/main.dir/C_/Users/ailso/.pico-sdk/sdk/2.2.0/src/rp2_common/hardware_irq/irq.c.obj
                0x100020f4                irq_set_exclusive_handler
 .text.irq_add_shared_handler
                0x10002148      0x218 CMakeFiles/main.dir/C_/Users/ailso/.pico-sdk/sdk/2.2.0/src/rp2_common/hardware_irq/irq.c.obj
                0x10002148                irq_add_shared_handler
 .text.irq_remove_handler
                0x10002360      0x18c CMakeFiles/main.dir/C_/Users/ailso/.pico-sdk/sdk/2.2.0/src/rp2_common/hardware_irq/irq.c.obj
                0x10002360                irq_remove_handler
 .text.irq_set_priority
                0x100024ec       0x26 CMakeFiles/main.dir/C_/Users/ailso/.pico-sdk/sdk/2.2.0/src/rp2_common/hardware_irq/irq.c.obj
                0x100024ec                irq_set_priority
 *fill*         0x10002512        0x2 
 .text.irq_add_tail_to_free_list
                0x10002514       0xf4 CMakeFiles/main.dir/C_/Users/ailso/.pico-sdk/sdk/2.2.0/src/rp2_common/hardware_irq/irq.c.obj
                0x10002514                irq_add_tail_to_free_list
 .text.user_irq_claim_unused
                0x10002608       0x2c CMakeFiles/main.dir/C_/Users/ailso/.pico-sdk/sdk/2.2.0/src/rp2_common/hardware_irq/irq.c.obj
                0x10002608                user_irq_claim_unused
 .text.lock_init
                0x10002634       0x10 CMakeFiles/main.dir/C_/Users/ailso/.pico-sdk/sdk/2.2.0/src/common/pico_sync/lock_core.c.obj
                0x10002634                lock_init
 .text.mutex_init
                0x10002644       0x1c CMakeFiles/main.dir/C_/Users/ailso/.pico-sdk/sdk/2.2.0/src/common/pico_sync/mutex.c.obj
                0x10002644                mutex_init
 .text.recursive_mutex_init
                0x10002660       0x20 CMakeFiles/main.dir/C_/Users/ailso/.pico-sdk/sdk/2.2.0/src/common/pico_sync/mutex.c.obj
                0x10002660                recursive_mutex_init
 .text.runtime_init_mutex
                0x10002680       0x4c CMakeFiles/main.dir/C_/Users/ailso/.pico-sdk/sdk/2.2.0/src/common/pico_sync/mutex.c.obj
                0x10002680                runtime_init_mutex
 .text.critical_section_init_with_lock_num
                0x100026cc       0x14 CMakeFiles/main.dir/C_/Users/ailso/.pico-sdk/sdk/2.2.0/src/common/pico_sync/critical_section.c.obj
                0x100026cc                critical_section_init_with_lock_num
 .text.critical_section_init
                0x100026e0       0x14 CMakeFiles/main.dir/C_/Users/ailso/.pico-sdk/sdk/2.2.0/src/common/pico_sync/critical_section.c.obj
                0x100026e0                critical_section_init
 .text.ta_set_timeout
                0x100026f4       0x24 CMakeFiles/main.dir/C_/Users/ailso/.pico-sdk/sdk/2.2.0/src/common/pico_time/time.c.obj
 .text.make_alarm_id
                0x10002718        0x6 CMakeFiles/main.dir/C_/Users/ailso/.pico-sdk/sdk/2.2.0/src/common/pico_time/time.c.obj
 *fill*         0x1000271e        0x2 
 .text.alarm_pool_irq_handler
                0x10002720      0x2f0 CMakeFiles/main.dir/C_/Users/ailso/.pico-sdk/sdk/2.2.0/src/common/pico_time/time.c.obj
 .text.ta_enable_irq_handler
                0x10002a10       0x2c CMakeFiles/main.dir/C_/Users/ailso/.pico-sdk/sdk/2.2.0/src/common/pico_time/time.c.obj
 .text.alarm_pool_post_alloc_init
                0x10002a3c       0x78 CMakeFiles/main.dir/C_/Users/ailso/.pico-sdk/sdk/2.2.0/src/common/pico_time/time.c.obj
 .text.sleep_until_callback
                0x10002ab4       0x28 CMakeFiles/main.dir/C_/Users/ailso/.pico-sdk/sdk/2.2.0/src/common/pico_time/time.c.obj
 .text.alarm_pool_get_default
                0x10002adc       0x2c CMakeFiles/main.dir/C_/Users/ailso/.pico-sdk/sdk/2.2.0/src/common/pico_time/time.c.obj
                0x10002adc                alarm_pool_get_default
 .text.alarm_pool_add_alarm_at_force_in_context
                0x10002b08       0xa4 CMakeFiles/main.dir/C_/Users/ailso/.pico-sdk/sdk/2.2.0/src/common/pico_time/time.c.obj
                0x10002b08                alarm_pool_add_alarm_at_force_in_context
 .text.alarm_pool_add_alarm_at
                0x10002bac       0x3c CMakeFiles/main.dir/C_/Users/ailso/.pico-sdk/sdk/2.2.0/src/common/pico_time/time.c.obj
                0x10002bac                alarm_pool_add_alarm_at
 .text.add_alarm_at
                0x10002be8       0x2e CMakeFiles/main.dir/C_/Users/ailso/.pico-sdk/sdk/2.2.0/src/common/pico_time/time.c.obj
 *fill*         0x10002c16        0x2 
 .text.alarm_pool_cancel_alarm
                0x10002c18       0x78 CMakeFiles/main.dir/C_/Users/ailso/.pico-sdk/sdk/2.2.0/src/common/pico_time/time.c.obj
                0x10002c18                alarm_pool_cancel_alarm
 .text.cancel_alarm
                0x10002c90       0x10 CMakeFiles/main.dir/C_/Users/ailso/.pico-sdk/sdk/2.2.0/src/common/pico_time/time.c.obj
 .text.alarm_pool_core_num
                0x10002ca0        0x4 CMakeFiles/main.dir/C_/Users/ailso/.pico-sdk/sdk/2.2.0/src/common/pico_time/time.c.obj
                0x10002ca0                alarm_pool_core_num
 .text.sleep_until
                0x10002ca4       0xa4 CMakeFiles/main.dir/C_/Users/ailso/.pico-sdk/sdk/2.2.0/src/common/pico_time/time.c.obj
                0x10002ca4                sleep_until
 .text.sleep_us
                0x10002d48       0x24 CMakeFiles/main.dir/C_/Users/ailso/.pico-sdk/sdk/2.2.0/src/common/pico_time/time.c.obj
                0x10002d48                sleep_us
 .text.sleep_ms
                0x10002d6c       0x14 CMakeFiles/main.dir/C_/Users/ailso/.pico-sdk/sdk/2.2.0/src/common/pico_time/time.c.obj
                0x10002d6c                sleep_ms
 .text.best_effort_wfe_or_timeout
                0x10002d80      0x11c CMakeFiles/main.dir/C_/Users/ailso/.pico-sdk/sdk/2.2.0/src/common/pico_time/time.c.obj
                0x10002d80                best_effort_wfe_or_timeout
 .text.alarm_pool_get_default_timer
                0x10002e9c        0x8 CMakeFiles/main.dir/C_/Users/ailso/.pico-sdk/sdk/2.2.0/src/common/pico_time/time.c.obj
                0x10002e9c                alarm_pool_get_default_timer
 .text.runtime_init_default_alarm_pool
                0x10002ea4       0x38 CMakeFiles/main.dir/C_/Users/ailso/.pico-sdk/sdk/2.2.0/src/common/pico_time/time.c.obj
                0x10002ea4                runtime_init_default_alarm_pool
 .text.timer_hardware_alarm_claim
                0x10002edc       0x14 CMakeFiles/main.dir/C_/Users/ailso/.pico-sdk/sdk/2.2.0/src/rp2_common/hardware_timer/timer.c.obj
                0x10002edc                timer_hardware_alarm_claim
 .text.timer_time_us_64
                0x10002ef0       0x10 CMakeFiles/main.dir/C_/Users/ailso/.pico-sdk/sdk/2.2.0/src/rp2_common/hardware_timer/timer.c.obj
                0x10002ef0                timer_time_us_64
 .text.timer_busy_wait_until
                0x10002f00       0x1a CMakeFiles/main.dir/C_/Users/ailso/.pico-sdk/sdk/2.2.0/src/rp2_common/hardware_timer/timer.c.obj
                0x10002f00                timer_busy_wait_until
 *fill*         0x10002f1a        0x2 
 .text.time_us_64
                0x10002f1c       0x10 CMakeFiles/main.dir/C_/Users/ailso/.pico-sdk/sdk/2.2.0/src/rp2_common/hardware_timer/timer.c.obj
                0x10002f1c                time_us_64
 .text.busy_wait_until
                0x10002f2c       0x14 CMakeFiles/main.dir/C_/Users/ailso/.pico-sdk/sdk/2.2.0/src/rp2_common/hardware_timer/timer.c.obj
                0x10002f2c                busy_wait_until
 .text.clock_configure_internal
                0x10002f40       0xc4 CMakeFiles/main.dir/C_/Users/ailso/.pico-sdk/sdk/2.2.0/src/rp2_common/hardware_clocks/clocks.c.obj
 .text.clock_configure_int_divider
                0x10003004       0x28 CMakeFiles/main.dir/C_/Users/ailso/.pico-sdk/sdk/2.2.0/src/rp2_common/hardware_clocks/clocks.c.obj
                0x10003004                clock_configure_int_divider
 .text.clock_configure_undivided
                0x1000302c       0x12 CMakeFiles/main.dir/C_/Users/ailso/.pico-sdk/sdk/2.2.0/src/rp2_common/hardware_clocks/clocks.c.obj
                0x1000302c                clock_configure_undivided
 *fill*         0x1000303e        0x2 
 .text.clock_get_hz
                0x10003040        0xc CMakeFiles/main.dir/C_/Users/ailso/.pico-sdk/sdk/2.2.0/src/rp2_common/hardware_clocks/clocks.c.obj
                0x10003040                clock_get_hz
 .text.pll_init
                0x1000304c      0x124 CMakeFiles/main.dir/C_/Users/ailso/.pico-sdk/sdk/2.2.0/src/rp2_common/hardware_pll/pll.c.obj
                0x1000304c                pll_init
 .text.watchdog_update
                0x10003170       0x14 CMakeFiles/main.dir/C_/Users/ailso/.pico-sdk/sdk/2.2.0/src/rp2_common/hardware_watchdog/watchdog.c.obj
                0x10003170                watchdog_update
 .text._watchdog_enable
                0x10003184       0x78 CMakeFiles/main.dir/C_/Users/ailso/.pico-sdk/sdk/2.2.0/src/rp2_common/hardware_watchdog/watchdog.c.obj
                0x10003184                _watchdog_enable
 .text.watchdog_enable
                0x100031fc       0x18 CMakeFiles/main.dir/C_/Users/ailso/.pico-sdk/sdk/2.2.0/src/rp2_common/hardware_watchdog/watchdog.c.obj
                0x100031fc                watchdog_enable
 .text.watchdog_reboot
                0x10003214       0x48 CMakeFiles/main.dir/C_/Users/ailso/.pico-sdk/sdk/2.2.0/src/rp2_common/hardware_watchdog/watchdog.c.obj
                0x10003214                watchdog_reboot
 .text.tick_start
                0x1000325c       0x10 CMakeFiles/main.dir/C_/Users/ailso/.pico-sdk/sdk/2.2.0/src/rp2_common/hardware_ticks/ticks.c.obj
                0x1000325c                tick_start
 .text.rom_func_lookup
                0x1000326c       0x10 CMakeFiles/main.dir/C_/Users/ailso/.pico-sdk/sdk/2.2.0/src/rp2_common/pico_bootrom/bootrom.c.obj
                0x1000326c                rom_func_lookup
 .text.rom_data_lookup
                0x1000327c       0x10 CMakeFiles/main.dir/C_/Users/ailso/.pico-sdk/sdk/2.2.0/src/rp2_common/pico_bootrom/bootrom.c.obj
                0x1000327c                rom_data_lookup
 .text.rom_funcs_lookup
                0x1000328c       0x36 CMakeFiles/main.dir/C_/Users/ailso/.pico-sdk/sdk/2.2.0/src/rp2_common/pico_bootrom/bootrom.c.obj
                0x1000328c                rom_funcs_lookup
 *fill*         0x100032c2        0x2 
 .text.rom_reset_usb_boot_extra
                0x100032c4       0x24 CMakeFiles/main.dir/C_/Users/ailso/.pico-sdk/sdk/2.2.0/src/rp2_common/pico_bootrom/bootrom.c.obj
                0x100032c4                rom_reset_usb_boot_extra
 .text.xosc_init
                0x100032e8       0x2c CMakeFiles/main.dir/C_/Users/ailso/.pico-sdk/sdk/2.2.0/src/rp2_common/hardware_xosc/xosc.c.obj
                0x100032e8                xosc_init
 .text.runtime_run_initializers_from
                0x10003314       0x18 CMakeFiles/main.dir/C_/Users/ailso/.pico-sdk/sdk/2.2.0/src/rp2_common/pico_runtime/runtime.c.obj
 .text.first_per_core_initializer
                0x1000332c        0x2 CMakeFiles/main.dir/C_/Users/ailso/.pico-sdk/sdk/2.2.0/src/rp2_common/pico_runtime/runtime.c.obj
 *fill*         0x1000332e        0x2 
 .text.runtime_run_initializers
                0x10003330       0x10 CMakeFiles/main.dir/C_/Users/ailso/.pico-sdk/sdk/2.2.0/src/rp2_common/pico_runtime/runtime.c.obj
                0x10003330                runtime_run_initializers
 .text.runtime_init_early_resets
                0x10003340       0x2c CMakeFiles/main.dir/C_/Users/ailso/.pico-sdk/sdk/2.2.0/src/rp2_common/pico_runtime_init/runtime_init.c.obj
                0x10003340                runtime_init_early_resets
 .text.runtime_init_usb_power_down
                0x1000336c       0x1c CMakeFiles/main.dir/C_/Users/ailso/.pico-sdk/sdk/2.2.0/src/rp2_common/pico_runtime_init/runtime_init.c.obj
                0x1000336c                runtime_init_usb_power_down
 .text.runtime_init_post_clock_resets
                0x10003388       0x20 CMakeFiles/main.dir/C_/Users/ailso/.pico-sdk/sdk/2.2.0/src/rp2_common/pico_runtime_init/runtime_init.c.obj
                0x10003388                runtime_init_post_clock_resets
 .text.runtime_init_rp2040_gpio_ie_disable
                0x100033a8       0x14 CMakeFiles/main.dir/C_/Users/ailso/.pico-sdk/sdk/2.2.0/src/rp2_common/pico_runtime_init/runtime_init.c.obj
                0x100033a8                runtime_init_rp2040_gpio_ie_disable
 .text.runtime_init_spin_locks_reset
                0x100033bc        0x8 CMakeFiles/main.dir/C_/Users/ailso/.pico-sdk/sdk/2.2.0/src/rp2_common/pico_runtime_init/runtime_init.c.obj
                0x100033bc                runtime_init_spin_locks_reset
 .text.runtime_init_install_ram_vector_table
                0x100033c4       0x48 CMakeFiles/main.dir/C_/Users/ailso/.pico-sdk/sdk/2.2.0/src/rp2_common/pico_runtime_init/runtime_init.c.obj
                0x100033c4                runtime_init_install_ram_vector_table
 .text.start_all_ticks
                0x1000340c       0x28 CMakeFiles/main.dir/C_/Users/ailso/.pico-sdk/sdk/2.2.0/src/rp2_common/pico_runtime_init/runtime_init_clocks.c.obj
 .text.runtime_init_clocks
                0x10003434       0xcc CMakeFiles/main.dir/C_/Users/ailso/.pico-sdk/sdk/2.2.0/src/rp2_common/pico_runtime_init/runtime_init_clocks.c.obj
                0x10003434                runtime_init_clocks
 .text          0x10003500       0x10 CMakeFiles/main.dir/C_/Users/ailso/.pico-sdk/sdk/2.2.0/src/rp2_common/pico_bit_ops/bit_ops_aeabi.S.obj
 .text.ctzsi    0x10003510        0xc CMakeFiles/main.dir/C_/Users/ailso/.pico-sdk/sdk/2.2.0/src/rp2_common/pico_bit_ops/bit_ops_aeabi.S.obj
                0x10003510                __wrap___ctzsi2
 .text.__wrap___aeabi_idiv
                0x1000351c       0x50 CMakeFiles/main.dir/C_/Users/ailso/.pico-sdk/sdk/2.2.0/src/rp2_common/pico_divider/divider_hardware.S.obj
                0x1000351c                __wrap___aeabi_idivmod
                0x1000351c                divmod_s32s32
                0x1000351c                div_s32s32
                0x1000351c                __wrap___aeabi_idiv
                0x10003524                divmod_s32s32_unsafe
                0x10003550                divmod_s32s32_savestate
 .text.__wrap___aeabi_uidiv
                0x1000356c       0x4c CMakeFiles/main.dir/C_/Users/ailso/.pico-sdk/sdk/2.2.0/src/rp2_common/pico_divider/divider_hardware.S.obj
                0x1000356c                __wrap___aeabi_uidiv
                0x1000356c                __wrap___aeabi_uidivmod
                0x1000356c                div_u32u32
                0x1000356c                divmod_u32u32
                0x10003574                divmod_u32u32_unsafe
                0x1000359c                divmod_u32u32_savestate
 .text.__wrap___aeabi_ldiv
                0x100035b8      0x424 CMakeFiles/main.dir/C_/Users/ailso/.pico-sdk/sdk/2.2.0/src/rp2_common/pico_divider/divider_hardware.S.obj
                0x100035b8                div_s64s64
                0x100035b8                divmod_s64s64
                0x100035b8                __wrap___aeabi_ldivmod
                0x100035e8                divmod_u64u64
                0x100035e8                div_u64u64
                0x100035e8                __wrap___aeabi_uldivmod
                0x100035f8                divmod_u64u64_savestate
                0x10003618                divmod_s64s64_unsafe
                0x100036a0                divmod_u64u64_unsafe
 .text.__wrap___aeabi_darithmetic
                0x100039dc       0x60 CMakeFiles/main.dir/C_/Users/ailso/.pico-sdk/sdk/2.2.0/src/rp2_common/pico_double/double_aeabi_rp2040.S.obj
                0x100039dc                __wrap___aeabi_drsub
                0x100039e2                __wrap___aeabi_dsub
                0x100039ec                __wrap___aeabi_dadd
                0x100039f6                __wrap___aeabi_ddiv
                0x10003a2a                __wrap___aeabi_dmul
 .text.__wrap___aeabi_cdcmple
                0x10003a3c       0x6c CMakeFiles/main.dir/C_/Users/ailso/.pico-sdk/sdk/2.2.0/src/rp2_common/pico_double/double_aeabi_rp2040.S.obj
                0x10003a3c                __wrap___aeabi_cdrcmple
                0x10003a4c                __wrap___aeabi_cdcmpeq
                0x10003a4c                __wrap___aeabi_cdcmple
 .text.__wrap___aeabi_dcmplt
                0x10003aa8        0xc CMakeFiles/main.dir/C_/Users/ailso/.pico-sdk/sdk/2.2.0/src/rp2_common/pico_double/double_aeabi_rp2040.S.obj
                0x10003aa8                __wrap___aeabi_dcmplt
 .text.__wrap___aeabi_dcmple
                0x10003ab4       0x10 CMakeFiles/main.dir/C_/Users/ailso/.pico-sdk/sdk/2.2.0/src/rp2_common/pico_double/double_aeabi_rp2040.S.obj
                0x10003ab4                __wrap___aeabi_dcmple
 .text.__wrap___aeabi_dcmpge
                0x10003ac4       0x10 CMakeFiles/main.dir/C_/Users/ailso/.pico-sdk/sdk/2.2.0/src/rp2_common/pico_double/double_aeabi_rp2040.S.obj
                0x10003ac4                __wrap___aeabi_dcmpge
 .text.__wrap___aeabi_dcmpgt
                0x10003ad4        0xa CMakeFiles/main.dir/C_/Users/ailso/.pico-sdk/sdk/2.2.0/src/rp2_common/pico_double/double_aeabi_rp2040.S.obj
                0x10003ad4                __wrap___aeabi_dcmpgt
 .text.__wrap___aeabi_dcmpun
                0x10003ade       0x18 CMakeFiles/main.dir/C_/Users/ailso/.pico-sdk/sdk/2.2.0/src/rp2_common/pico_double/double_aeabi_rp2040.S.obj
                0x10003ade                __wrap___aeabi_dcmpun
 *fill*         0x10003af6        0x2 
 .text.__wrap___aeabi_i2d
                0x10003af8       0x38 CMakeFiles/main.dir/C_/Users/ailso/.pico-sdk/sdk/2.2.0/src/rp2_common/pico_double/double_aeabi_rp2040.S.obj
                0x10003af8                uint2double
                0x10003af8                __wrap___aeabi_ui2d
                0x10003b00                int2double
                0x10003b00                __wrap___aeabi_i2d
 .text.__wrap___aeabi_d2iz
                0x10003b30       0x48 CMakeFiles/main.dir/C_/Users/ailso/.pico-sdk/sdk/2.2.0/src/rp2_common/pico_double/double_aeabi_rp2040.S.obj
                0x10003b30                double2int_z
                0x10003b30                __wrap___aeabi_d2iz
 .text.__wrap___aeabi_d2uiz
                0x10003b78       0x10 CMakeFiles/main.dir/C_/Users/ailso/.pico-sdk/sdk/2.2.0/src/rp2_common/pico_double/double_aeabi_rp2040.S.obj
                0x10003b78                double2uint
                0x10003b78                __wrap___aeabi_d2uiz
                0x10003b78                double2uint_z
 .text.missing_double_func_shim
                0x10003b88        0xc CMakeFiles/main.dir/C_/Users/ailso/.pico-sdk/sdk/2.2.0/src/rp2_common/pico_double/double_init_rom_rp2040.c.obj
 .text.__aeabi_double_init
                0x10003b94       0xd0 CMakeFiles/main.dir/C_/Users/ailso/.pico-sdk/sdk/2.2.0/src/rp2_common/pico_double/double_init_rom_rp2040.c.obj
                0x10003b94                __aeabi_double_init
 .text.double_table_shim_on_use_helper
                0x10003c64       0x34 CMakeFiles/main.dir/C_/Users/ailso/.pico-sdk/sdk/2.2.0/src/rp2_common/pico_double/double_v1_rom_shim_rp2040.S.obj
                0x10003c64                double_table_shim_on_use_helper
 .text.__aeabi_lmul
                0x10003c98       0x32 CMakeFiles/main.dir/C_/Users/ailso/.pico-sdk/sdk/2.2.0/src/rp2_common/pico_int64_ops/pico_int64_ops_aeabi.S.obj
                0x10003c98                __wrap___aeabi_lmul
 *fill*         0x10003cca        0x2 
 .text.missing_float_func_shim
                0x10003ccc        0xc CMakeFiles/main.dir/C_/Users/ailso/.pico-sdk/sdk/2.2.0/src/rp2_common/pico_float/float_init_rom_rp2040.c.obj
 .text.__aeabi_float_init
                0x10003cd8       0x88 CMakeFiles/main.dir/C_/Users/ailso/.pico-sdk/sdk/2.2.0/src/rp2_common/pico_float/float_init_rom_rp2040.c.obj
                0x10003cd8                __aeabi_float_init
 .text          0x10003d60       0x10 CMakeFiles/main.dir/C_/Users/ailso/.pico-sdk/sdk/2.2.0/src/rp2_common/pico_mem_ops/mem_ops_aeabi.S.obj
                0x10003d60                __aeabi_mem_init
 .text.memset   0x10003d70        0xc CMakeFiles/main.dir/C_/Users/ailso/.pico-sdk/sdk/2.2.0/src/rp2_common/pico_mem_ops/mem_ops_aeabi.S.obj
                0x10003d70                __wrap_memset
 .text.memcpy   0x10003d7c        0xc CMakeFiles/main.dir/C_/Users/ailso/.pico-sdk/sdk/2.2.0/src/rp2_common/pico_mem_ops/mem_ops_aeabi.S.obj
                0x10003d7c                __wrap_memcpy
                0x10003d7c                __wrap___aeabi_memcpy
 .text._out_buffer
                0x10003d88        0x8 CMakeFiles/main.dir/C_/Users/ailso/.pico-sdk/sdk/2.2.0/src/rp2_common/pico_printf/printf.c.obj
 .text._out_null
                0x10003d90        0x2 CMakeFiles/main.dir/C_/Users/ailso/.pico-sdk/sdk/2.2.0/src/rp2_common/pico_printf/printf.c.obj
 .text._out_fct
                0x10003d92        0xe CMakeFiles/main.dir/C_/Users/ailso/.pico-sdk/sdk/2.2.0/src/rp2_common/pico_printf/printf.c.obj
 .text._atoi    0x10003da0       0x24 CMakeFiles/main.dir/C_/Users/ailso/.pico-sdk/sdk/2.2.0/src/rp2_common/pico_printf/printf.c.obj
 .text._out_rev
                0x10003dc4       0xb0 CMakeFiles/main.dir/C_/Users/ailso/.pico-sdk/sdk/2.2.0/src/rp2_common/pico_printf/printf.c.obj
 .text._ntoa_format
                0x10003e74      0x10e CMakeFiles/main.dir/C_/Users/ailso/.pico-sdk/sdk/2.2.0/src/rp2_common/pico_printf/printf.c.obj
 .text._ntoa_long
                0x10003f82       0xbc CMakeFiles/main.dir/C_/Users/ailso/.pico-sdk/sdk/2.2.0/src/rp2_common/pico_printf/printf.c.obj
 .text._ntoa_long_long
                0x1000403e      0x10e CMakeFiles/main.dir/C_/Users/ailso/.pico-sdk/sdk/2.2.0/src/rp2_common/pico_printf/printf.c.obj
 .text._etoa    0x1000414c      0x424 CMakeFiles/main.dir/C_/Users/ailso/.pico-sdk/sdk/2.2.0/src/rp2_common/pico_printf/printf.c.obj
 .text._ftoa    0x10004570      0x348 CMakeFiles/main.dir/C_/Users/ailso/.pico-sdk/sdk/2.2.0/src/rp2_common/pico_printf/printf.c.obj
 .text._vsnprintf
                0x100048b8      0x6a4 CMakeFiles/main.dir/C_/Users/ailso/.pico-sdk/sdk/2.2.0/src/rp2_common/pico_printf/printf.c.obj
 .text.__wrap_sprintf
                0x10004f5c       0x2c CMakeFiles/main.dir/C_/Users/ailso/.pico-sdk/sdk/2.2.0/src/rp2_common/pico_printf/printf.c.obj
                0x10004f5c                __wrap_sprintf
 .text.vfctprintf
                0x10004f88       0x24 CMakeFiles/main.dir/C_/Users/ailso/.pico-sdk/sdk/2.2.0/src/rp2_common/pico_printf/printf.c.obj
                0x10004f88                vfctprintf
 .text._exit    0x10004fac        0x4 CMakeFiles/main.dir/C_/Users/ailso/.pico-sdk/sdk/2.2.0/src/rp2_common/pico_clib_interface/newlib_interface.c.obj
                0x10004fac                _exit
 .text.exit     0x10004fb0        0x6 CMakeFiles/main.dir/C_/Users/ailso/.pico-sdk/sdk/2.2.0/src/rp2_common/pico_clib_interface/newlib_interface.c.obj
                0x10004fb0                exit
 *fill*         0x10004fb6        0x2 
 .text.__assert_func
                0x10004fb8       0x38 CMakeFiles/main.dir/C_/Users/ailso/.pico-sdk/sdk/2.2.0/src/rp2_common/pico_clib_interface/newlib_interface.c.obj
                0x10004fb8                __assert_func
 .text.runtime_init
                0x10004ff0       0x28 CMakeFiles/main.dir/C_/Users/ailso/.pico-sdk/sdk/2.2.0/src/rp2_common/pico_clib_interface/newlib_interface.c.obj
                0x10004ff0                runtime_init
 .text.stdio_out_chars_no_crlf
                0x10005018        0xe CMakeFiles/main.dir/C_/Users/ailso/.pico-sdk/sdk/2.2.0/src/rp2_common/pico_stdio/stdio.c.obj
 *fill*         0x10005026        0x2 
 .text.stdio_out_chars_crlf
                0x10005028       0x80 CMakeFiles/main.dir/C_/Users/ailso/.pico-sdk/sdk/2.2.0/src/rp2_common/pico_stdio/stdio.c.obj
 .text.stdio_stack_buffer_flush
                0x100050a8       0x44 CMakeFiles/main.dir/C_/Users/ailso/.pico-sdk/sdk/2.2.0/src/rp2_common/pico_stdio/stdio.c.obj
 .text.stdio_buffered_printer
                0x100050ec       0x20 CMakeFiles/main.dir/C_/Users/ailso/.pico-sdk/sdk/2.2.0/src/rp2_common/pico_stdio/stdio.c.obj
 .text.stdout_serialize_begin
                0x1000510c       0x30 CMakeFiles/main.dir/C_/Users/ailso/.pico-sdk/sdk/2.2.0/src/rp2_common/pico_stdio/stdio.c.obj
                0x1000510c                stdout_serialize_begin
 .text.stdout_serialize_end
                0x1000513c       0x10 CMakeFiles/main.dir/C_/Users/ailso/.pico-sdk/sdk/2.2.0/src/rp2_common/pico_stdio/stdio.c.obj
                0x1000513c                stdout_serialize_end
 .text.stdio_put_string
                0x1000514c       0x94 CMakeFiles/main.dir/C_/Users/ailso/.pico-sdk/sdk/2.2.0/src/rp2_common/pico_stdio/stdio.c.obj
                0x1000514c                stdio_put_string
 .text.stdio_set_driver_enabled
                0x100051e0       0x30 CMakeFiles/main.dir/C_/Users/ailso/.pico-sdk/sdk/2.2.0/src/rp2_common/pico_stdio/stdio.c.obj
                0x100051e0                stdio_set_driver_enabled
 .text.stdio_flush
                0x10005210       0x20 CMakeFiles/main.dir/C_/Users/ailso/.pico-sdk/sdk/2.2.0/src/rp2_common/pico_stdio/stdio.c.obj
                0x10005210                stdio_flush
 .text.stdio_init_all
                0x10005230        0x8 CMakeFiles/main.dir/C_/Users/ailso/.pico-sdk/sdk/2.2.0/src/rp2_common/pico_stdio/stdio.c.obj
                0x10005230                stdio_init_all
 .text.__wrap_puts
                0x10005238       0x1e CMakeFiles/main.dir/C_/Users/ailso/.pico-sdk/sdk/2.2.0/src/rp2_common/pico_stdio/stdio.c.obj
                0x10005238                stdio_puts
                0x10005238                __wrap_puts
 *fill*         0x10005256        0x2 
 .text.__wrap_vprintf
                0x10005258       0x40 CMakeFiles/main.dir/C_/Users/ailso/.pico-sdk/sdk/2.2.0/src/rp2_common/pico_stdio/stdio.c.obj
                0x10005258                stdio_vprintf
                0x10005258                __wrap_vprintf
 .text.__wrap_printf
                0x10005298       0x18 CMakeFiles/main.dir/C_/Users/ailso/.pico-sdk/sdk/2.2.0/src/rp2_common/pico_stdio/stdio.c.obj
                0x10005298                __wrap_printf
                0x10005298                stdio_printf
 .text.resetd_init
                0x100052b0        0x2 CMakeFiles/main.dir/C_/Users/ailso/.pico-sdk/sdk/2.2.0/src/rp2_common/pico_stdio_usb/reset_interface.c.obj
 *fill*         0x100052b2        0x2 
 .text.resetd_reset
                0x100052b4        0xc CMakeFiles/main.dir/C_/Users/ailso/.pico-sdk/sdk/2.2.0/src/rp2_common/pico_stdio_usb/reset_interface.c.obj
 .text.resetd_open
                0x100052c0       0x34 CMakeFiles/main.dir/C_/Users/ailso/.pico-sdk/sdk/2.2.0/src/rp2_common/pico_stdio_usb/reset_interface.c.obj
 .text.resetd_xfer_cb
                0x100052f4        0x4 CMakeFiles/main.dir/C_/Users/ailso/.pico-sdk/sdk/2.2.0/src/rp2_common/pico_stdio_usb/reset_interface.c.obj
 .text.resetd_control_xfer_cb
                0x100052f8       0x60 CMakeFiles/main.dir/C_/Users/ailso/.pico-sdk/sdk/2.2.0/src/rp2_common/pico_stdio_usb/reset_interface.c.obj
 .text.tud_descriptor_bos_cb
                0x10005358        0x8 CMakeFiles/main.dir/C_/Users/ailso/.pico-sdk/sdk/2.2.0/src/rp2_common/pico_stdio_usb/reset_interface.c.obj
                0x10005358                tud_descriptor_bos_cb
 .text.tud_vendor_control_xfer_cb
                0x10005360       0x38 CMakeFiles/main.dir/C_/Users/ailso/.pico-sdk/sdk/2.2.0/src/rp2_common/pico_stdio_usb/reset_interface.c.obj
                0x10005360                tud_vendor_control_xfer_cb
 .text.usbd_app_driver_get_cb
                0x10005398        0xc CMakeFiles/main.dir/C_/Users/ailso/.pico-sdk/sdk/2.2.0/src/rp2_common/pico_stdio_usb/reset_interface.c.obj
                0x10005398                usbd_app_driver_get_cb
 .text.tud_cdc_line_coding_cb
                0x100053a4       0x2c CMakeFiles/main.dir/C_/Users/ailso/.pico-sdk/sdk/2.2.0/src/rp2_common/pico_stdio_usb/reset_interface.c.obj
                0x100053a4                tud_cdc_line_coding_cb
 .text.stdio_usb_set_chars_available_callback
                0x100053d0       0x14 CMakeFiles/main.dir/C_/Users/ailso/.pico-sdk/sdk/2.2.0/src/rp2_common/pico_stdio_usb/stdio_usb.c.obj
                0x100053d0                stdio_usb_set_chars_available_callback
 .text.stdio_usb_out_flush
                0x100053e4       0x4c CMakeFiles/main.dir/C_/Users/ailso/.pico-sdk/sdk/2.2.0/src/rp2_common/pico_stdio_usb/stdio_usb.c.obj
 .text.usb_irq  0x10005430       0x10 CMakeFiles/main.dir/C_/Users/ailso/.pico-sdk/sdk/2.2.0/src/rp2_common/pico_stdio_usb/stdio_usb.c.obj
 .text.timer_task
                0x10005440       0x6c CMakeFiles/main.dir/C_/Users/ailso/.pico-sdk/sdk/2.2.0/src/rp2_common/pico_stdio_usb/stdio_usb.c.obj
 .text.alarm_pool_add_alarm_in_us
                0x100054ac       0x40 CMakeFiles/main.dir/C_/Users/ailso/.pico-sdk/sdk/2.2.0/src/rp2_common/pico_stdio_usb/stdio_usb.c.obj
 .text.add_alarm_in_us
                0x100054ec       0x2e CMakeFiles/main.dir/C_/Users/ailso/.pico-sdk/sdk/2.2.0/src/rp2_common/pico_stdio_usb/stdio_usb.c.obj
 *fill*         0x1000551a        0x2 
 .text.low_priority_worker_irq
                0x1000551c       0xa8 CMakeFiles/main.dir/C_/Users/ailso/.pico-sdk/sdk/2.2.0/src/rp2_common/pico_stdio_usb/stdio_usb.c.obj
 .text.stdio_usb_init
                0x100055c4       0xe0 CMakeFiles/main.dir/C_/Users/ailso/.pico-sdk/sdk/2.2.0/src/rp2_common/pico_stdio_usb/stdio_usb.c.obj
                0x100055c4                stdio_usb_init
 .text.stdio_usb_connected
                0x100056a4        0xa CMakeFiles/main.dir/C_/Users/ailso/.pico-sdk/sdk/2.2.0/src/rp2_common/pico_stdio_usb/stdio_usb.c.obj
                0x100056a4                stdio_usb_connected
 *fill*         0x100056ae        0x2 
 .text.stdio_usb_in_chars
                0x100056b0       0x98 CMakeFiles/main.dir/C_/Users/ailso/.pico-sdk/sdk/2.2.0/src/rp2_common/pico_stdio_usb/stdio_usb.c.obj
                0x100056b0                stdio_usb_in_chars
 .text.stdio_usb_out_chars
                0x10005748       0xe8 CMakeFiles/main.dir/C_/Users/ailso/.pico-sdk/sdk/2.2.0/src/rp2_common/pico_stdio_usb/stdio_usb.c.obj
 .text.tud_descriptor_device_cb
                0x10005830        0x8 CMakeFiles/main.dir/C_/Users/ailso/.pico-sdk/sdk/2.2.0/src/rp2_common/pico_stdio_usb/stdio_usb_descriptors.c.obj
                0x10005830                tud_descriptor_device_cb
 .text.tud_descriptor_configuration_cb
                0x10005838        0x8 CMakeFiles/main.dir/C_/Users/ailso/.pico-sdk/sdk/2.2.0/src/rp2_common/pico_stdio_usb/stdio_usb_descriptors.c.obj
                0x10005838                tud_descriptor_configuration_cb
 .text.tud_descriptor_string_cb
                0x10005840       0x6c CMakeFiles/main.dir/C_/Users/ailso/.pico-sdk/sdk/2.2.0/src/rp2_common/pico_stdio_usb/stdio_usb_descriptors.c.obj
                0x10005840                tud_descriptor_string_cb
 .text._retrieve_unique_id_on_boot
                0x100058ac       0x10 CMakeFiles/main.dir/C_/Users/ailso/.pico-sdk/sdk/2.2.0/src/rp2_common/pico_unique_id/unique_id.c.obj
 .text.pico_get_unique_board_id
                0x100058bc       0x10 CMakeFiles/main.dir/C_/Users/ailso/.pico-sdk/sdk/2.2.0/src/rp2_common/pico_unique_id/unique_id.c.obj
                0x100058bc                pico_get_unique_board_id
 .text.pico_get_unique_board_id_string
                0x100058cc       0x58 CMakeFiles/main.dir/C_/Users/ailso/.pico-sdk/sdk/2.2.0/src/rp2_common/pico_unique_id/unique_id.c.obj
                0x100058cc                pico_get_unique_board_id_string
 .text.flash_get_unique_id
                0x10005924       0x40 CMakeFiles/main.dir/C_/Users/ailso/.pico-sdk/sdk/2.2.0/src/rp2_common/hardware_flash/flash.c.obj
                0x10005924                flash_get_unique_id
 .text.hw_endpoint_init
                0x10005964       0xc0 CMakeFiles/main.dir/C_/Users/ailso/.pico-sdk/sdk/2.2.0/lib/tinyusb/src/portable/raspberrypi/rp2040/dcd_rp2040.c.obj
 .text.hw_endpoint_alloc
                0x10005a24       0x48 CMakeFiles/main.dir/C_/Users/ailso/.pico-sdk/sdk/2.2.0/lib/tinyusb/src/portable/raspberrypi/rp2040/dcd_rp2040.c.obj
 .text.hw_endpoint_open
                0x10005a6c       0x50 CMakeFiles/main.dir/C_/Users/ailso/.pico-sdk/sdk/2.2.0/lib/tinyusb/src/portable/raspberrypi/rp2040/dcd_rp2040.c.obj
 .text.hw_endpoint_xfer
                0x10005abc       0x20 CMakeFiles/main.dir/C_/Users/ailso/.pico-sdk/sdk/2.2.0/lib/tinyusb/src/portable/raspberrypi/rp2040/dcd_rp2040.c.obj
 .text.dcd_int_enable
                0x10005adc       0x2c CMakeFiles/main.dir/C_/Users/ailso/.pico-sdk/sdk/2.2.0/lib/tinyusb/src/portable/raspberrypi/rp2040/dcd_rp2040.c.obj
                0x10005adc                dcd_int_enable
 .text.dcd_set_address
                0x10005b08       0x2c CMakeFiles/main.dir/C_/Users/ailso/.pico-sdk/sdk/2.2.0/lib/tinyusb/src/portable/raspberrypi/rp2040/dcd_rp2040.c.obj
                0x10005b08                dcd_set_address
 .text.dcd_connect
                0x10005b34       0x10 CMakeFiles/main.dir/C_/Users/ailso/.pico-sdk/sdk/2.2.0/lib/tinyusb/src/portable/raspberrypi/rp2040/dcd_rp2040.c.obj
                0x10005b34                dcd_connect
 .text.dcd_init
                0x10005b44       0x80 CMakeFiles/main.dir/C_/Users/ailso/.pico-sdk/sdk/2.2.0/lib/tinyusb/src/portable/raspberrypi/rp2040/dcd_rp2040.c.obj
                0x10005b44                dcd_init
 .text.dcd_sof_enable
                0x10005bc4       0x1c CMakeFiles/main.dir/C_/Users/ailso/.pico-sdk/sdk/2.2.0/lib/tinyusb/src/portable/raspberrypi/rp2040/dcd_rp2040.c.obj
                0x10005bc4                dcd_sof_enable
 .text.dcd_edpt0_status_complete
                0x10005be0       0x1c CMakeFiles/main.dir/C_/Users/ailso/.pico-sdk/sdk/2.2.0/lib/tinyusb/src/portable/raspberrypi/rp2040/dcd_rp2040.c.obj
                0x10005be0                dcd_edpt0_status_complete
 .text.dcd_edpt_open
                0x10005bfc       0x26 CMakeFiles/main.dir/C_/Users/ailso/.pico-sdk/sdk/2.2.0/lib/tinyusb/src/portable/raspberrypi/rp2040/dcd_rp2040.c.obj
                0x10005bfc                dcd_edpt_open
 .text.dcd_edpt_close_all
                0x10005c22        0x8 CMakeFiles/main.dir/C_/Users/ailso/.pico-sdk/sdk/2.2.0/lib/tinyusb/src/portable/raspberrypi/rp2040/dcd_rp2040.c.obj
                0x10005c22                dcd_edpt_close_all
 *fill*         0x10005c2a        0x2 
 .text.dcd_edpt_xfer
                0x10005c2c       0x30 CMakeFiles/main.dir/C_/Users/ailso/.pico-sdk/sdk/2.2.0/lib/tinyusb/src/portable/raspberrypi/rp2040/dcd_rp2040.c.obj
                0x10005c2c                dcd_edpt_xfer
 .text.dcd_edpt_stall
                0x10005c5c       0x3c CMakeFiles/main.dir/C_/Users/ailso/.pico-sdk/sdk/2.2.0/lib/tinyusb/src/portable/raspberrypi/rp2040/dcd_rp2040.c.obj
                0x10005c5c                dcd_edpt_stall
 .text.dcd_edpt_clear_stall
                0x10005c98       0x30 CMakeFiles/main.dir/C_/Users/ailso/.pico-sdk/sdk/2.2.0/lib/tinyusb/src/portable/raspberrypi/rp2040/dcd_rp2040.c.obj
                0x10005c98                dcd_edpt_clear_stall
 .text.unaligned_memcpy
                0x10005cc8       0x14 CMakeFiles/main.dir/C_/Users/ailso/.pico-sdk/sdk/2.2.0/lib/tinyusb/src/portable/raspberrypi/rp2040/rp2040_usb.c.obj
 .text.rp2040_usb_init
                0x10005cdc       0x44 CMakeFiles/main.dir/C_/Users/ailso/.pico-sdk/sdk/2.2.0/lib/tinyusb/src/portable/raspberrypi/rp2040/rp2040_usb.c.obj
                0x10005cdc                rp2040_usb_init
 .text.hw_endpoint_xfer_start
                0x10005d20       0x60 CMakeFiles/main.dir/C_/Users/ailso/.pico-sdk/sdk/2.2.0/lib/tinyusb/src/portable/raspberrypi/rp2040/rp2040_usb.c.obj
                0x10005d20                hw_endpoint_xfer_start
 .text.configuration_reset
                0x10005d80       0x84 CMakeFiles/main.dir/C_/Users/ailso/.pico-sdk/sdk/2.2.0/lib/tinyusb/src/device/usbd.c.obj
 .text.usbd_reset
                0x10005e04        0xc CMakeFiles/main.dir/C_/Users/ailso/.pico-sdk/sdk/2.2.0/lib/tinyusb/src/device/usbd.c.obj
 .text.invoke_class_control
                0x10005e10       0x1a CMakeFiles/main.dir/C_/Users/ailso/.pico-sdk/sdk/2.2.0/lib/tinyusb/src/device/usbd.c.obj
 *fill*         0x10005e2a        0x2 
 .text.process_set_config
                0x10005e2c      0x1b0 CMakeFiles/main.dir/C_/Users/ailso/.pico-sdk/sdk/2.2.0/lib/tinyusb/src/device/usbd.c.obj
 .text.tud_event_hook_cb
                0x10005fdc        0x2 CMakeFiles/main.dir/C_/Users/ailso/.pico-sdk/sdk/2.2.0/lib/tinyusb/src/device/usbd.c.obj
                0x10005fdc                tud_event_hook_cb
 .text.tud_sof_cb
                0x10005fde        0x2 CMakeFiles/main.dir/C_/Users/ailso/.pico-sdk/sdk/2.2.0/lib/tinyusb/src/device/usbd.c.obj
                0x10005fde                tud_sof_cb
 .text.tud_descriptor_device_qualifier_cb
                0x10005fe0        0x4 CMakeFiles/main.dir/C_/Users/ailso/.pico-sdk/sdk/2.2.0/lib/tinyusb/src/device/usbd.c.obj
                0x10005fe0                tud_descriptor_device_qualifier_cb
 .text.tud_descriptor_other_speed_configuration_cb
                0x10005fe4        0x4 CMakeFiles/main.dir/C_/Users/ailso/.pico-sdk/sdk/2.2.0/lib/tinyusb/src/device/usbd.c.obj
                0x10005fe4                tud_descriptor_other_speed_configuration_cb
 .text.process_get_descriptor
                0x10005fe8       0xe0 CMakeFiles/main.dir/C_/Users/ailso/.pico-sdk/sdk/2.2.0/lib/tinyusb/src/device/usbd.c.obj
 .text.tud_mount_cb
                0x100060c8        0x2 CMakeFiles/main.dir/C_/Users/ailso/.pico-sdk/sdk/2.2.0/lib/tinyusb/src/device/usbd.c.obj
                0x100060c8                tud_mount_cb
 .text.tud_umount_cb
                0x100060ca        0x2 CMakeFiles/main.dir/C_/Users/ailso/.pico-sdk/sdk/2.2.0/lib/tinyusb/src/device/usbd.c.obj
                0x100060ca                tud_umount_cb
 .text.tud_suspend_cb
                0x100060cc        0x2 CMakeFiles/main.dir/C_/Users/ailso/.pico-sdk/sdk/2.2.0/lib/tinyusb/src/device/usbd.c.obj
                0x100060cc                tud_suspend_cb
 .text.tud_resume_cb
                0x100060ce        0x2 CMakeFiles/main.dir/C_/Users/ailso/.pico-sdk/sdk/2.2.0/lib/tinyusb/src/device/usbd.c.obj
                0x100060ce                tud_resume_cb
 .text.tud_mounted
                0x100060d0       0x10 CMakeFiles/main.dir/C_/Users/ailso/.pico-sdk/sdk/2.2.0/lib/tinyusb/src/device/usbd.c.obj
                0x100060d0                tud_mounted
 .text.tud_suspended
                0x100060e0       0x10 CMakeFiles/main.dir/C_/Users/ailso/.pico-sdk/sdk/2.2.0/lib/tinyusb/src/device/usbd.c.obj
                0x100060e0                tud_suspended
 .text.tud_inited
                0x100060f0       0x14 CMakeFiles/main.dir/C_/Users/ailso/.pico-sdk/sdk/2.2.0/lib/tinyusb/src/device/usbd.c.obj
                0x100060f0                tud_inited
 .text.tud_rhport_init
                0x10006104      0x100 CMakeFiles/main.dir/C_/Users/ailso/.pico-sdk/sdk/2.2.0/lib/tinyusb/src/device/usbd.c.obj
                0x10006104                tud_rhport_init
 .text.usbd_edpt_open
                0x10006204       0x60 CMakeFiles/main.dir/C_/Users/ailso/.pico-sdk/sdk/2.2.0/lib/tinyusb/src/device/usbd.c.obj
                0x10006204                usbd_edpt_open
 .text.usbd_open_edpt_pair
                0x10006264       0x88 CMakeFiles/main.dir/C_/Users/ailso/.pico-sdk/sdk/2.2.0/lib/tinyusb/src/device/usbd.c.obj
                0x10006264                usbd_open_edpt_pair
 .text.usbd_edpt_claim
                0x100062ec       0x28 CMakeFiles/main.dir/C_/Users/ailso/.pico-sdk/sdk/2.2.0/lib/tinyusb/src/device/usbd.c.obj
                0x100062ec                usbd_edpt_claim
 .text.usbd_edpt_release
                0x10006314       0x28 CMakeFiles/main.dir/C_/Users/ailso/.pico-sdk/sdk/2.2.0/lib/tinyusb/src/device/usbd.c.obj
                0x10006314                usbd_edpt_release
 .text.usbd_edpt_xfer
                0x1000633c       0x88 CMakeFiles/main.dir/C_/Users/ailso/.pico-sdk/sdk/2.2.0/lib/tinyusb/src/device/usbd.c.obj
                0x1000633c                usbd_edpt_xfer
 .text.usbd_edpt_stall
                0x100063c4       0x34 CMakeFiles/main.dir/C_/Users/ailso/.pico-sdk/sdk/2.2.0/lib/tinyusb/src/device/usbd.c.obj
                0x100063c4                usbd_edpt_stall
 .text.usbd_edpt_clear_stall
                0x100063f8       0x34 CMakeFiles/main.dir/C_/Users/ailso/.pico-sdk/sdk/2.2.0/lib/tinyusb/src/device/usbd.c.obj
                0x100063f8                usbd_edpt_clear_stall
 .text.usbd_edpt_stalled
                0x1000642c       0x1c CMakeFiles/main.dir/C_/Users/ailso/.pico-sdk/sdk/2.2.0/lib/tinyusb/src/device/usbd.c.obj
                0x1000642c                usbd_edpt_stalled
 .text.process_control_request
                0x10006448      0x384 CMakeFiles/main.dir/C_/Users/ailso/.pico-sdk/sdk/2.2.0/lib/tinyusb/src/device/usbd.c.obj
 .text.tud_task_ext
                0x100067cc      0x1d0 CMakeFiles/main.dir/C_/Users/ailso/.pico-sdk/sdk/2.2.0/lib/tinyusb/src/device/usbd.c.obj
                0x100067cc                tud_task_ext
 .text.status_stage_xact
                0x1000699c       0x1a CMakeFiles/main.dir/C_/Users/ailso/.pico-sdk/sdk/2.2.0/lib/tinyusb/src/device/usbd_control.c.obj
 *fill*         0x100069b6        0x2 
 .text.data_stage_xact
                0x100069b8       0x60 CMakeFiles/main.dir/C_/Users/ailso/.pico-sdk/sdk/2.2.0/lib/tinyusb/src/device/usbd_control.c.obj
 .text.tud_control_status
                0x10006a18       0x28 CMakeFiles/main.dir/C_/Users/ailso/.pico-sdk/sdk/2.2.0/lib/tinyusb/src/device/usbd_control.c.obj
                0x10006a18                tud_control_status
 .text.tud_control_xfer
                0x10006a40       0x98 CMakeFiles/main.dir/C_/Users/ailso/.pico-sdk/sdk/2.2.0/lib/tinyusb/src/device/usbd_control.c.obj
                0x10006a40                tud_control_xfer
 .text.usbd_control_reset
                0x10006ad8       0x14 CMakeFiles/main.dir/C_/Users/ailso/.pico-sdk/sdk/2.2.0/lib/tinyusb/src/device/usbd_control.c.obj
                0x10006ad8                usbd_control_reset
 .text.usbd_control_set_complete_callback
                0x10006aec        0xc CMakeFiles/main.dir/C_/Users/ailso/.pico-sdk/sdk/2.2.0/lib/tinyusb/src/device/usbd_control.c.obj
                0x10006aec                usbd_control_set_complete_callback
 .text.usbd_control_set_request
                0x10006af8       0x1c CMakeFiles/main.dir/C_/Users/ailso/.pico-sdk/sdk/2.2.0/lib/tinyusb/src/device/usbd_control.c.obj
                0x10006af8                usbd_control_set_request
 .text.usbd_control_xfer_cb
                0x10006b14       0xe0 CMakeFiles/main.dir/C_/Users/ailso/.pico-sdk/sdk/2.2.0/lib/tinyusb/src/device/usbd_control.c.obj
                0x10006b14                usbd_control_xfer_cb
 .text._prep_out_transaction
                0x10006bf4       0x94 CMakeFiles/main.dir/C_/Users/ailso/.pico-sdk/sdk/2.2.0/lib/tinyusb/src/class/cdc/cdc_device.c.obj
 .text.tud_cdc_n_connected
                0x10006c88       0x38 CMakeFiles/main.dir/C_/Users/ailso/.pico-sdk/sdk/2.2.0/lib/tinyusb/src/class/cdc/cdc_device.c.obj
                0x10006c88                tud_cdc_n_connected
 .text.tud_cdc_n_available
                0x10006cc0       0x18 CMakeFiles/main.dir/C_/Users/ailso/.pico-sdk/sdk/2.2.0/lib/tinyusb/src/class/cdc/cdc_device.c.obj
                0x10006cc0                tud_cdc_n_available
 .text.tud_cdc_n_read
                0x10006cd8       0x38 CMakeFiles/main.dir/C_/Users/ailso/.pico-sdk/sdk/2.2.0/lib/tinyusb/src/class/cdc/cdc_device.c.obj
                0x10006cd8                tud_cdc_n_read
 .text.tud_cdc_n_write_flush
                0x10006d10       0xb0 CMakeFiles/main.dir/C_/Users/ailso/.pico-sdk/sdk/2.2.0/lib/tinyusb/src/class/cdc/cdc_device.c.obj
                0x10006d10                tud_cdc_n_write_flush
 .text.tud_cdc_n_write
                0x10006dc0       0x48 CMakeFiles/main.dir/C_/Users/ailso/.pico-sdk/sdk/2.2.0/lib/tinyusb/src/class/cdc/cdc_device.c.obj
                0x10006dc0                tud_cdc_n_write
 .text.tud_cdc_n_write_available
                0x10006e08       0x18 CMakeFiles/main.dir/C_/Users/ailso/.pico-sdk/sdk/2.2.0/lib/tinyusb/src/class/cdc/cdc_device.c.obj
                0x10006e08                tud_cdc_n_write_available
 .text.cdcd_init
                0x10006e20       0xac CMakeFiles/main.dir/C_/Users/ailso/.pico-sdk/sdk/2.2.0/lib/tinyusb/src/class/cdc/cdc_device.c.obj
                0x10006e20                cdcd_init
 .text.cdcd_deinit
                0x10006ecc       0x48 CMakeFiles/main.dir/C_/Users/ailso/.pico-sdk/sdk/2.2.0/lib/tinyusb/src/class/cdc/cdc_device.c.obj
                0x10006ecc                cdcd_deinit
 .text.cdcd_reset
                0x10006f14       0x70 CMakeFiles/main.dir/C_/Users/ailso/.pico-sdk/sdk/2.2.0/lib/tinyusb/src/class/cdc/cdc_device.c.obj
                0x10006f14                cdcd_reset
 .text.cdcd_open
                0x10006f84       0xec CMakeFiles/main.dir/C_/Users/ailso/.pico-sdk/sdk/2.2.0/lib/tinyusb/src/class/cdc/cdc_device.c.obj
                0x10006f84                cdcd_open
 .text.cdcd_control_xfer_cb
                0x10007070      0x13c CMakeFiles/main.dir/C_/Users/ailso/.pico-sdk/sdk/2.2.0/lib/tinyusb/src/class/cdc/cdc_device.c.obj
                0x10007070                cdcd_control_xfer_cb
 .text.cdcd_xfer_cb
                0x100071ac      0x148 CMakeFiles/main.dir/C_/Users/ailso/.pico-sdk/sdk/2.2.0/lib/tinyusb/src/class/cdc/cdc_device.c.obj
                0x100071ac                cdcd_xfer_cb
 .text.tud_vendor_n_mounted
                0x100072f4       0x3c CMakeFiles/main.dir/C_/Users/ailso/.pico-sdk/sdk/2.2.0/lib/tinyusb/src/class/vendor/vendor_device.c.obj
                0x100072f4                tud_vendor_n_mounted
 .text.tud_vendor_n_write_flush
                0x10007330       0x20 CMakeFiles/main.dir/C_/Users/ailso/.pico-sdk/sdk/2.2.0/lib/tinyusb/src/class/vendor/vendor_device.c.obj
                0x10007330                tud_vendor_n_write_flush
 .text.vendord_init
                0x10007350       0x9c CMakeFiles/main.dir/C_/Users/ailso/.pico-sdk/sdk/2.2.0/lib/tinyusb/src/class/vendor/vendor_device.c.obj
                0x10007350                vendord_init
 .text.vendord_deinit
                0x100073ec       0x34 CMakeFiles/main.dir/C_/Users/ailso/.pico-sdk/sdk/2.2.0/lib/tinyusb/src/class/vendor/vendor_device.c.obj
                0x100073ec                vendord_deinit
 .text.vendord_reset
                0x10007420       0x50 CMakeFiles/main.dir/C_/Users/ailso/.pico-sdk/sdk/2.2.0/lib/tinyusb/src/class/vendor/vendor_device.c.obj
                0x10007420                vendord_reset
 .text.vendord_open
                0x10007470      0x14c CMakeFiles/main.dir/C_/Users/ailso/.pico-sdk/sdk/2.2.0/lib/tinyusb/src/class/vendor/vendor_device.c.obj
                0x10007470                vendord_open
 .text.vendord_xfer_cb
                0x100075bc       0xd8 CMakeFiles/main.dir/C_/Users/ailso/.pico-sdk/sdk/2.2.0/lib/tinyusb/src/class/vendor/vendor_device.c.obj
                0x100075bc                vendord_xfer_cb
 .text.tusb_rhport_init
                0x10007694       0x78 CMakeFiles/main.dir/C_/Users/ailso/.pico-sdk/sdk/2.2.0/lib/tinyusb/src/tusb.c.obj
                0x10007694                tusb_rhport_init
 .text.tu_edpt_claim
                0x1000770c       0x50 CMakeFiles/main.dir/C_/Users/ailso/.pico-sdk/sdk/2.2.0/lib/tinyusb/src/tusb.c.obj
                0x1000770c                tu_edpt_claim
 .text.tu_edpt_release
                0x1000775c       0x38 CMakeFiles/main.dir/C_/Users/ailso/.pico-sdk/sdk/2.2.0/lib/tinyusb/src/tusb.c.obj
                0x1000775c                tu_edpt_release
 .text.tu_edpt_validate
                0x10007794       0xac CMakeFiles/main.dir/C_/Users/ailso/.pico-sdk/sdk/2.2.0/lib/tinyusb/src/tusb.c.obj
                0x10007794                tu_edpt_validate
 .text.tu_edpt_bind_driver
                0x10007840       0x26 CMakeFiles/main.dir/C_/Users/ailso/.pico-sdk/sdk/2.2.0/lib/tinyusb/src/tusb.c.obj
                0x10007840                tu_edpt_bind_driver
 .text.tu_edpt_stream_init
                0x10007866       0x62 CMakeFiles/main.dir/C_/Users/ailso/.pico-sdk/sdk/2.2.0/lib/tinyusb/src/tusb.c.obj
                0x10007866                tu_edpt_stream_init
 .text.tu_edpt_stream_deinit
                0x100078c8        0x4 CMakeFiles/main.dir/C_/Users/ailso/.pico-sdk/sdk/2.2.0/lib/tinyusb/src/tusb.c.obj
                0x100078c8                tu_edpt_stream_deinit
 .text.tu_edpt_stream_write_zlp_if_needed
                0x100078cc       0x80 CMakeFiles/main.dir/C_/Users/ailso/.pico-sdk/sdk/2.2.0/lib/tinyusb/src/tusb.c.obj
                0x100078cc                tu_edpt_stream_write_zlp_if_needed
 .text.tu_edpt_stream_write_xfer
                0x1000794c       0x84 CMakeFiles/main.dir/C_/Users/ailso/.pico-sdk/sdk/2.2.0/lib/tinyusb/src/tusb.c.obj
                0x1000794c                tu_edpt_stream_write_xfer
 .text.tu_edpt_stream_read_xfer
                0x100079d0       0xf4 CMakeFiles/main.dir/C_/Users/ailso/.pico-sdk/sdk/2.2.0/lib/tinyusb/src/tusb.c.obj
                0x100079d0                tu_edpt_stream_read_xfer
 .text.advance_index
                0x10007ac4       0x1a CMakeFiles/main.dir/C_/Users/ailso/.pico-sdk/sdk/2.2.0/lib/tinyusb/src/common/tusb_fifo.c.obj
 .text._tu_fifo_peek
                0x10007ade       0x56 CMakeFiles/main.dir/C_/Users/ailso/.pico-sdk/sdk/2.2.0/lib/tinyusb/src/common/tusb_fifo.c.obj
 .text._ff_pull_n
                0x10007b34       0x68 CMakeFiles/main.dir/C_/Users/ailso/.pico-sdk/sdk/2.2.0/lib/tinyusb/src/common/tusb_fifo.c.obj
 .text._tu_fifo_peek_n
                0x10007b9c       0x6a CMakeFiles/main.dir/C_/Users/ailso/.pico-sdk/sdk/2.2.0/lib/tinyusb/src/common/tusb_fifo.c.obj
 .text._tu_fifo_read_n
                0x10007c06       0x4e CMakeFiles/main.dir/C_/Users/ailso/.pico-sdk/sdk/2.2.0/lib/tinyusb/src/common/tusb_fifo.c.obj
 .text._ff_push_n
                0x10007c54       0x68 CMakeFiles/main.dir/C_/Users/ailso/.pico-sdk/sdk/2.2.0/lib/tinyusb/src/common/tusb_fifo.c.obj
 .text._tu_fifo_write_n
                0x10007cbc       0xf0 CMakeFiles/main.dir/C_/Users/ailso/.pico-sdk/sdk/2.2.0/lib/tinyusb/src/common/tusb_fifo.c.obj
 .text.tu_fifo_config
                0x10007dac       0x7c CMakeFiles/main.dir/C_/Users/ailso/.pico-sdk/sdk/2.2.0/lib/tinyusb/src/common/tusb_fifo.c.obj
                0x10007dac                tu_fifo_config
 .text.tu_fifo_count
                0x10007e28       0x2c CMakeFiles/main.dir/C_/Users/ailso/.pico-sdk/sdk/2.2.0/lib/tinyusb/src/common/tusb_fifo.c.obj
                0x10007e28                tu_fifo_count
 .text.tu_fifo_empty
                0x10007e54        0xe CMakeFiles/main.dir/C_/Users/ailso/.pico-sdk/sdk/2.2.0/lib/tinyusb/src/common/tusb_fifo.c.obj
                0x10007e54                tu_fifo_empty
 .text.tu_fifo_full
                0x10007e62       0x2a CMakeFiles/main.dir/C_/Users/ailso/.pico-sdk/sdk/2.2.0/lib/tinyusb/src/common/tusb_fifo.c.obj
                0x10007e62                tu_fifo_full
 .text.tu_fifo_remaining
                0x10007e8c       0x2e CMakeFiles/main.dir/C_/Users/ailso/.pico-sdk/sdk/2.2.0/lib/tinyusb/src/common/tusb_fifo.c.obj
                0x10007e8c                tu_fifo_remaining
 .text.tu_fifo_read
                0x10007eba       0x42 CMakeFiles/main.dir/C_/Users/ailso/.pico-sdk/sdk/2.2.0/lib/tinyusb/src/common/tusb_fifo.c.obj
                0x10007eba                tu_fifo_read
 .text.tu_fifo_read_n
                0x10007efc        0xa CMakeFiles/main.dir/C_/Users/ailso/.pico-sdk/sdk/2.2.0/lib/tinyusb/src/common/tusb_fifo.c.obj
                0x10007efc                tu_fifo_read_n
 .text.tu_fifo_write
                0x10007f06       0x64 CMakeFiles/main.dir/C_/Users/ailso/.pico-sdk/sdk/2.2.0/lib/tinyusb/src/common/tusb_fifo.c.obj
                0x10007f06                tu_fifo_write
 .text.tu_fifo_write_n
                0x10007f6a        0xa CMakeFiles/main.dir/C_/Users/ailso/.pico-sdk/sdk/2.2.0/lib/tinyusb/src/common/tusb_fifo.c.obj
                0x10007f6a                tu_fifo_write_n
 .text.tu_fifo_clear
                0x10007f74       0x3e CMakeFiles/main.dir/C_/Users/ailso/.pico-sdk/sdk/2.2.0/lib/tinyusb/src/common/tusb_fifo.c.obj
                0x10007f74                tu_fifo_clear
 .text.tu_fifo_set_overwritable
                0x10007fb2       0x46 CMakeFiles/main.dir/C_/Users/ailso/.pico-sdk/sdk/2.2.0/lib/tinyusb/src/common/tusb_fifo.c.obj
                0x10007fb2                tu_fifo_set_overwritable
 .text.i2c_unreset
                0x10007ff8       0x2c CMakeFiles/main.dir/C_/Users/ailso/.pico-sdk/sdk/2.2.0/src/rp2_common/hardware_i2c/i2c.c.obj
 .text.i2c_write_blocking_internal
                0x10008024      0x158 CMakeFiles/main.dir/C_/Users/ailso/.pico-sdk/sdk/2.2.0/src/rp2_common/hardware_i2c/i2c.c.obj
 .text.i2c_read_blocking_internal
                0x1000817c      0x102 CMakeFiles/main.dir/C_/Users/ailso/.pico-sdk/sdk/2.2.0/src/rp2_common/hardware_i2c/i2c.c.obj
 *fill*         0x1000827e        0x2 
 .text.i2c_set_baudrate
                0x10008280       0xf0 CMakeFiles/main.dir/C_/Users/ailso/.pico-sdk/sdk/2.2.0/src/rp2_common/hardware_i2c/i2c.c.obj
                0x10008280                i2c_set_baudrate
 .text.i2c_init
                0x10008370       0x54 CMakeFiles/main.dir/C_/Users/ailso/.pico-sdk/sdk/2.2.0/src/rp2_common/hardware_i2c/i2c.c.obj
                0x10008370                i2c_init
 .text.i2c_write_blocking
                0x100083c4       0x18 CMakeFiles/main.dir/C_/Users/ailso/.pico-sdk/sdk/2.2.0/src/rp2_common/hardware_i2c/i2c.c.obj
                0x100083c4                i2c_write_blocking
 .text.i2c_read_blocking
                0x100083dc       0x18 CMakeFiles/main.dir/C_/Users/ailso/.pico-sdk/sdk/2.2.0/src/rp2_common/hardware_i2c/i2c.c.obj
                0x100083dc                i2c_read_blocking
 .text.vPortSVCHandler
                0x100083f4        0x2 CMakeFiles/main.dir/C_/Users/ailso/FreeRTOS-LTS/FreeRTOS/FreeRTOS-Kernel/portable/ThirdParty/GCC/RP2040/port.c.obj
                0x100083f4                vPortSVCHandler
 *fill*         0x100083f6        0xa 
 .text.vPortStartFirstTask
                0x10008400       0x34 CMakeFiles/main.dir/C_/Users/ailso/FreeRTOS-LTS/FreeRTOS/FreeRTOS-Kernel/portable/ThirdParty/GCC/RP2040/port.c.obj
 *fill*         0x10008434        0xc 
 .text.xPortPendSVHandler
                0x10008440       0x64 CMakeFiles/main.dir/C_/Users/ailso/FreeRTOS-LTS/FreeRTOS/FreeRTOS-Kernel/portable/ThirdParty/GCC/RP2040/port.c.obj
                0x10008440                xPortPendSVHandler
 .text.prvTaskExitError
                0x100084a4        0x6 CMakeFiles/main.dir/C_/Users/ailso/FreeRTOS-LTS/FreeRTOS/FreeRTOS-Kernel/portable/ThirdParty/GCC/RP2040/port.c.obj
 *fill*         0x100084aa        0x2 
 .text.prvFIFOInterruptHandler
                0x100084ac       0x78 CMakeFiles/main.dir/C_/Users/ailso/FreeRTOS-LTS/FreeRTOS/FreeRTOS-Kernel/portable/ThirdParty/GCC/RP2040/port.c.obj
 .text.prvGetTicksToWaitBefore
                0x10008524       0x40 CMakeFiles/main.dir/C_/Users/ailso/FreeRTOS-LTS/FreeRTOS/FreeRTOS-Kernel/portable/ThirdParty/GCC/RP2040/port.c.obj
 .text.pxPortInitialiseStack
                0x10008564       0x24 CMakeFiles/main.dir/C_/Users/ailso/FreeRTOS-LTS/FreeRTOS/FreeRTOS-Kernel/portable/ThirdParty/GCC/RP2040/port.c.obj
                0x10008564                pxPortInitialiseStack
 .text.vPortYield
                0x10008588       0x40 CMakeFiles/main.dir/C_/Users/ailso/FreeRTOS-LTS/FreeRTOS/FreeRTOS-Kernel/portable/ThirdParty/GCC/RP2040/port.c.obj
                0x10008588                vPortYield
 .text.vPortEnterCritical
                0x100085c8       0x18 CMakeFiles/main.dir/C_/Users/ailso/FreeRTOS-LTS/FreeRTOS/FreeRTOS-Kernel/portable/ThirdParty/GCC/RP2040/port.c.obj
                0x100085c8                vPortEnterCritical
 .text.vPortEnableInterrupts
                0x100085e0       0x28 CMakeFiles/main.dir/C_/Users/ailso/FreeRTOS-LTS/FreeRTOS/FreeRTOS-Kernel/portable/ThirdParty/GCC/RP2040/port.c.obj
                0x100085e0                vPortEnableInterrupts
 .text.vPortExitCritical
                0x10008608       0x3c CMakeFiles/main.dir/C_/Users/ailso/FreeRTOS-LTS/FreeRTOS/FreeRTOS-Kernel/portable/ThirdParty/GCC/RP2040/port.c.obj
                0x10008608                vPortExitCritical
 .text.ulSetInterruptMaskFromISR
                0x10008644        0x8 CMakeFiles/main.dir/C_/Users/ailso/FreeRTOS-LTS/FreeRTOS/FreeRTOS-Kernel/portable/ThirdParty/GCC/RP2040/port.c.obj
                0x10008644                ulSetInterruptMaskFromISR
 .text.vClearInterruptMaskFromISR
                0x1000864c        0x6 CMakeFiles/main.dir/C_/Users/ailso/FreeRTOS-LTS/FreeRTOS/FreeRTOS-Kernel/portable/ThirdParty/GCC/RP2040/port.c.obj
                0x1000864c                vClearInterruptMaskFromISR
 *fill*         0x10008652        0x2 
 .text.xPortSysTickHandler
                0x10008654       0x24 CMakeFiles/main.dir/C_/Users/ailso/FreeRTOS-LTS/FreeRTOS/FreeRTOS-Kernel/portable/ThirdParty/GCC/RP2040/port.c.obj
                0x10008654                xPortSysTickHandler
 .text.vPortSetupTimerInterrupt
                0x10008678       0x34 CMakeFiles/main.dir/C_/Users/ailso/FreeRTOS-LTS/FreeRTOS/FreeRTOS-Kernel/portable/ThirdParty/GCC/RP2040/port.c.obj
                0x10008678                vPortSetupTimerInterrupt
 .text.xPortStartScheduler
                0x100086ac       0x9c CMakeFiles/main.dir/C_/Users/ailso/FreeRTOS-LTS/FreeRTOS/FreeRTOS-Kernel/portable/ThirdParty/GCC/RP2040/port.c.obj
                0x100086ac                xPortStartScheduler
 .text.ulPortLockGetCurrentOwnerId
                0x10008748       0x2c CMakeFiles/main.dir/C_/Users/ailso/FreeRTOS-LTS/FreeRTOS/FreeRTOS-Kernel/portable/ThirdParty/GCC/RP2040/port.c.obj
                0x10008748                ulPortLockGetCurrentOwnerId
 .text.vPortLockInternalSpinUnlockWithWait
                0x10008774       0xc8 CMakeFiles/main.dir/C_/Users/ailso/FreeRTOS-LTS/FreeRTOS/FreeRTOS-Kernel/portable/ThirdParty/GCC/RP2040/port.c.obj
                0x10008774                vPortLockInternalSpinUnlockWithWait
 .text.vPortLockInternalSpinUnlockWithNotify
                0x1000883c       0xd0 CMakeFiles/main.dir/C_/Users/ailso/FreeRTOS-LTS/FreeRTOS/FreeRTOS-Kernel/portable/ThirdParty/GCC/RP2040/port.c.obj
                0x1000883c                vPortLockInternalSpinUnlockWithNotify
 .text.xPortLockInternalSpinUnlockWithBestEffortWaitOrTimeout
                0x1000890c      0x110 CMakeFiles/main.dir/C_/Users/ailso/FreeRTOS-LTS/FreeRTOS/FreeRTOS-Kernel/portable/ThirdParty/GCC/RP2040/port.c.obj
                0x1000890c                xPortLockInternalSpinUnlockWithBestEffortWaitOrTimeout
 .text.prvRuntimeInitializer
                0x10008a1c       0x28 CMakeFiles/main.dir/C_/Users/ailso/FreeRTOS-LTS/FreeRTOS/FreeRTOS-Kernel/portable/ThirdParty/GCC/RP2040/port.c.obj
 .text.prvTestWaitCondition
                0x10008a44       0x1e CMakeFiles/main.dir/C_/Users/ailso/FreeRTOS-LTS/FreeRTOS/FreeRTOS-Kernel/event_groups.c.obj
 .text.xEventGroupCreate
                0x10008a62       0x18 CMakeFiles/main.dir/C_/Users/ailso/FreeRTOS-LTS/FreeRTOS/FreeRTOS-Kernel/event_groups.c.obj
                0x10008a62                xEventGroupCreate
 *fill*         0x10008a7a        0x2 
 .text.xEventGroupWaitBits
                0x10008a7c      0x120 CMakeFiles/main.dir/C_/Users/ailso/FreeRTOS-LTS/FreeRTOS/FreeRTOS-Kernel/event_groups.c.obj
                0x10008a7c                xEventGroupWaitBits
 .text.xEventGroupSetBits
                0x10008b9c       0x9c CMakeFiles/main.dir/C_/Users/ailso/FreeRTOS-LTS/FreeRTOS/FreeRTOS-Kernel/event_groups.c.obj
                0x10008b9c                xEventGroupSetBits
 .text.vEventGroupSetBitsCallback
                0x10008c38        0x8 CMakeFiles/main.dir/C_/Users/ailso/FreeRTOS-LTS/FreeRTOS/FreeRTOS-Kernel/event_groups.c.obj
                0x10008c38                vEventGroupSetBitsCallback
 .text.xEventGroupSetBitsFromISR
                0x10008c40       0x18 CMakeFiles/main.dir/C_/Users/ailso/FreeRTOS-LTS/FreeRTOS/FreeRTOS-Kernel/event_groups.c.obj
                0x10008c40                xEventGroupSetBitsFromISR
 .text.vListInitialise
                0x10008c58       0x16 CMakeFiles/main.dir/C_/Users/ailso/FreeRTOS-LTS/FreeRTOS/FreeRTOS-Kernel/list.c.obj
                0x10008c58                vListInitialise
 .text.vListInitialiseItem
                0x10008c6e        0x6 CMakeFiles/main.dir/C_/Users/ailso/FreeRTOS-LTS/FreeRTOS/FreeRTOS-Kernel/list.c.obj
                0x10008c6e                vListInitialiseItem
 .text.vListInsertEnd
                0x10008c74       0x16 CMakeFiles/main.dir/C_/Users/ailso/FreeRTOS-LTS/FreeRTOS/FreeRTOS-Kernel/list.c.obj
                0x10008c74                vListInsertEnd
 .text.vListInsert
                0x10008c8a       0x2e CMakeFiles/main.dir/C_/Users/ailso/FreeRTOS-LTS/FreeRTOS/FreeRTOS-Kernel/list.c.obj
                0x10008c8a                vListInsert
 .text.uxListRemove
                0x10008cb8       0x24 CMakeFiles/main.dir/C_/Users/ailso/FreeRTOS-LTS/FreeRTOS/FreeRTOS-Kernel/list.c.obj
                0x10008cb8                uxListRemove
 .text.prvGetDisinheritPriorityAfterTimeout
                0x10008cdc       0x12 CMakeFiles/main.dir/C_/Users/ailso/FreeRTOS-LTS/FreeRTOS/FreeRTOS-Kernel/queue.c.obj
 .text.prvIsQueueFull
                0x10008cee       0x1e CMakeFiles/main.dir/C_/Users/ailso/FreeRTOS-LTS/FreeRTOS/FreeRTOS-Kernel/queue.c.obj
 .text.prvIsQueueEmpty
                0x10008d0c       0x1c CMakeFiles/main.dir/C_/Users/ailso/FreeRTOS-LTS/FreeRTOS/FreeRTOS-Kernel/queue.c.obj
 .text.prvCopyDataToQueue
                0x10008d28       0x7e CMakeFiles/main.dir/C_/Users/ailso/FreeRTOS-LTS/FreeRTOS/FreeRTOS-Kernel/queue.c.obj
 .text.prvCopyDataFromQueue
                0x10008da6       0x24 CMakeFiles/main.dir/C_/Users/ailso/FreeRTOS-LTS/FreeRTOS/FreeRTOS-Kernel/queue.c.obj
 *fill*         0x10008dca        0x2 
 .text.prvNotifyQueueSetContainer
                0x10008dcc       0xa8 CMakeFiles/main.dir/C_/Users/ailso/FreeRTOS-LTS/FreeRTOS/FreeRTOS-Kernel/queue.c.obj
 .text.prvUnlockQueue
                0x10008e74       0x88 CMakeFiles/main.dir/C_/Users/ailso/FreeRTOS-LTS/FreeRTOS/FreeRTOS-Kernel/queue.c.obj
 .text.xQueueGenericReset
                0x10008efc       0xd4 CMakeFiles/main.dir/C_/Users/ailso/FreeRTOS-LTS/FreeRTOS/FreeRTOS-Kernel/queue.c.obj
                0x10008efc                xQueueGenericReset
 .text.prvInitialiseNewQueue
                0x10008fd0       0x26 CMakeFiles/main.dir/C_/Users/ailso/FreeRTOS-LTS/FreeRTOS/FreeRTOS-Kernel/queue.c.obj
 *fill*         0x10008ff6        0x2 
 .text.xQueueGenericCreate
                0x10008ff8       0x88 CMakeFiles/main.dir/C_/Users/ailso/FreeRTOS-LTS/FreeRTOS/FreeRTOS-Kernel/queue.c.obj
                0x10008ff8                xQueueGenericCreate
 .text.xQueueGetMutexHolder
                0x10009080       0x38 CMakeFiles/main.dir/C_/Users/ailso/FreeRTOS-LTS/FreeRTOS/FreeRTOS-Kernel/queue.c.obj
                0x10009080                xQueueGetMutexHolder
 .text.xQueueGenericSend
                0x100090b8      0x18c CMakeFiles/main.dir/C_/Users/ailso/FreeRTOS-LTS/FreeRTOS/FreeRTOS-Kernel/queue.c.obj
                0x100090b8                xQueueGenericSend
 .text.prvInitialiseMutex
                0x10009244       0x18 CMakeFiles/main.dir/C_/Users/ailso/FreeRTOS-LTS/FreeRTOS/FreeRTOS-Kernel/queue.c.obj
 .text.xQueueCreateMutex
                0x1000925c       0x16 CMakeFiles/main.dir/C_/Users/ailso/FreeRTOS-LTS/FreeRTOS/FreeRTOS-Kernel/queue.c.obj
                0x1000925c                xQueueCreateMutex
 *fill*         0x10009272        0x2 
 .text.xQueueGiveMutexRecursive
                0x10009274       0x4c CMakeFiles/main.dir/C_/Users/ailso/FreeRTOS-LTS/FreeRTOS/FreeRTOS-Kernel/queue.c.obj
                0x10009274                xQueueGiveMutexRecursive
 .text.xQueueGenericSendFromISR
                0x100092c0      0x13c CMakeFiles/main.dir/C_/Users/ailso/FreeRTOS-LTS/FreeRTOS/FreeRTOS-Kernel/queue.c.obj
                0x100092c0                xQueueGenericSendFromISR
 .text.xQueueGiveFromISR
                0x100093fc      0x104 CMakeFiles/main.dir/C_/Users/ailso/FreeRTOS-LTS/FreeRTOS/FreeRTOS-Kernel/queue.c.obj
                0x100093fc                xQueueGiveFromISR
 .text.xQueueReceive
                0x10009500      0x150 CMakeFiles/main.dir/C_/Users/ailso/FreeRTOS-LTS/FreeRTOS/FreeRTOS-Kernel/queue.c.obj
                0x10009500                xQueueReceive
 .text.xQueueSemaphoreTake
                0x10009650      0x188 CMakeFiles/main.dir/C_/Users/ailso/FreeRTOS-LTS/FreeRTOS/FreeRTOS-Kernel/queue.c.obj
                0x10009650                xQueueSemaphoreTake
 .text.xQueueTakeMutexRecursive
                0x100097d8       0x50 CMakeFiles/main.dir/C_/Users/ailso/FreeRTOS-LTS/FreeRTOS/FreeRTOS-Kernel/queue.c.obj
                0x100097d8                xQueueTakeMutexRecursive
 .text.vQueueAddToRegistry
                0x10009828       0x68 CMakeFiles/main.dir/C_/Users/ailso/FreeRTOS-LTS/FreeRTOS/FreeRTOS-Kernel/queue.c.obj
                0x10009828                vQueueAddToRegistry
 .text.vQueueUnregisterQueue
                0x10009890       0x4c CMakeFiles/main.dir/C_/Users/ailso/FreeRTOS-LTS/FreeRTOS/FreeRTOS-Kernel/queue.c.obj
                0x10009890                vQueueUnregisterQueue
 .text.vQueueDelete
                0x100098dc       0x30 CMakeFiles/main.dir/C_/Users/ailso/FreeRTOS-LTS/FreeRTOS/FreeRTOS-Kernel/queue.c.obj
                0x100098dc                vQueueDelete
 .text.vQueueWaitForMessageRestricted
                0x1000990c       0x50 CMakeFiles/main.dir/C_/Users/ailso/FreeRTOS-LTS/FreeRTOS/FreeRTOS-Kernel/queue.c.obj
                0x1000990c                vQueueWaitForMessageRestricted
 .text.prvResetNextTaskUnblockTime
                0x1000995c       0x2c CMakeFiles/main.dir/C_/Users/ailso/FreeRTOS-LTS/FreeRTOS/FreeRTOS-Kernel/tasks.c.obj
 .text.prvDeleteTCB
                0x10009988       0x12 CMakeFiles/main.dir/C_/Users/ailso/FreeRTOS-LTS/FreeRTOS/FreeRTOS-Kernel/tasks.c.obj
 *fill*         0x1000999a        0x2 
 .text.prvInitialiseNewTask
                0x1000999c       0xb0 CMakeFiles/main.dir/C_/Users/ailso/FreeRTOS-LTS/FreeRTOS/FreeRTOS-Kernel/tasks.c.obj
 .text.prvCreateTask
                0x10009a4c       0x56 CMakeFiles/main.dir/C_/Users/ailso/FreeRTOS-LTS/FreeRTOS/FreeRTOS-Kernel/tasks.c.obj
 *fill*         0x10009aa2        0x2 
 .text.prvInitialiseTaskLists
                0x10009aa4       0x68 CMakeFiles/main.dir/C_/Users/ailso/FreeRTOS-LTS/FreeRTOS/FreeRTOS-Kernel/tasks.c.obj
 .text.prvAddNewTaskToReadyList
                0x10009b0c       0xc4 CMakeFiles/main.dir/C_/Users/ailso/FreeRTOS-LTS/FreeRTOS/FreeRTOS-Kernel/tasks.c.obj
 .text.prvCheckTasksWaitingTermination
                0x10009bd0       0x44 CMakeFiles/main.dir/C_/Users/ailso/FreeRTOS-LTS/FreeRTOS/FreeRTOS-Kernel/tasks.c.obj
 .text.prvIdleTask
                0x10009c14       0x18 CMakeFiles/main.dir/C_/Users/ailso/FreeRTOS-LTS/FreeRTOS/FreeRTOS-Kernel/tasks.c.obj
 .text.prvAddCurrentTaskToDelayedList
                0x10009c2c       0xa8 CMakeFiles/main.dir/C_/Users/ailso/FreeRTOS-LTS/FreeRTOS/FreeRTOS-Kernel/tasks.c.obj
 .text.xTaskCreate
                0x10009cd4       0x24 CMakeFiles/main.dir/C_/Users/ailso/FreeRTOS-LTS/FreeRTOS/FreeRTOS-Kernel/tasks.c.obj
                0x10009cd4                xTaskCreate
 .text.prvCreateIdleTasks
                0x10009cf8       0x54 CMakeFiles/main.dir/C_/Users/ailso/FreeRTOS-LTS/FreeRTOS/FreeRTOS-Kernel/tasks.c.obj
 .text.vTaskDelete
                0x10009d4c       0xd0 CMakeFiles/main.dir/C_/Users/ailso/FreeRTOS-LTS/FreeRTOS/FreeRTOS-Kernel/tasks.c.obj
                0x10009d4c                vTaskDelete
 .text.vTaskStartScheduler
                0x10009e1c       0x64 CMakeFiles/main.dir/C_/Users/ailso/FreeRTOS-LTS/FreeRTOS/FreeRTOS-Kernel/tasks.c.obj
                0x10009e1c                vTaskStartScheduler
 .text.vTaskSuspendAll
                0x10009e80       0x10 CMakeFiles/main.dir/C_/Users/ailso/FreeRTOS-LTS/FreeRTOS/FreeRTOS-Kernel/tasks.c.obj
                0x10009e80                vTaskSuspendAll
 .text.xTaskGetTickCount
                0x10009e90        0xc CMakeFiles/main.dir/C_/Users/ailso/FreeRTOS-LTS/FreeRTOS/FreeRTOS-Kernel/tasks.c.obj
                0x10009e90                xTaskGetTickCount
 .text.uxTaskGetNumberOfTasks
                0x10009e9c        0xc CMakeFiles/main.dir/C_/Users/ailso/FreeRTOS-LTS/FreeRTOS/FreeRTOS-Kernel/tasks.c.obj
                0x10009e9c                uxTaskGetNumberOfTasks
 .text.xTaskIncrementTick
                0x10009ea8      0x17c CMakeFiles/main.dir/C_/Users/ailso/FreeRTOS-LTS/FreeRTOS/FreeRTOS-Kernel/tasks.c.obj
                0x10009ea8                xTaskIncrementTick
 .text.xTaskResumeAll
                0x1000a024      0x160 CMakeFiles/main.dir/C_/Users/ailso/FreeRTOS-LTS/FreeRTOS/FreeRTOS-Kernel/tasks.c.obj
                0x1000a024                xTaskResumeAll
 .text.vTaskDelay
                0x1000a184       0x48 CMakeFiles/main.dir/C_/Users/ailso/FreeRTOS-LTS/FreeRTOS/FreeRTOS-Kernel/tasks.c.obj
                0x1000a184                vTaskDelay
 .text.vTaskSwitchContext
                0x1000a1cc       0xa8 CMakeFiles/main.dir/C_/Users/ailso/FreeRTOS-LTS/FreeRTOS/FreeRTOS-Kernel/tasks.c.obj
                0x1000a1cc                vTaskSwitchContext
 .text.vTaskPlaceOnEventList
                0x1000a274       0x3c CMakeFiles/main.dir/C_/Users/ailso/FreeRTOS-LTS/FreeRTOS/FreeRTOS-Kernel/tasks.c.obj
                0x1000a274                vTaskPlaceOnEventList
 .text.vTaskPlaceOnUnorderedEventList
                0x1000a2b0       0x80 CMakeFiles/main.dir/C_/Users/ailso/FreeRTOS-LTS/FreeRTOS/FreeRTOS-Kernel/tasks.c.obj
                0x1000a2b0                vTaskPlaceOnUnorderedEventList
 .text.vTaskPlaceOnEventListRestricted
                0x1000a330       0x60 CMakeFiles/main.dir/C_/Users/ailso/FreeRTOS-LTS/FreeRTOS/FreeRTOS-Kernel/tasks.c.obj
                0x1000a330                vTaskPlaceOnEventListRestricted
 .text.xTaskRemoveFromEventList
                0x1000a390      0x100 CMakeFiles/main.dir/C_/Users/ailso/FreeRTOS-LTS/FreeRTOS/FreeRTOS-Kernel/tasks.c.obj
                0x1000a390                xTaskRemoveFromEventList
 .text.vTaskRemoveFromUnorderedEventList
                0x1000a490       0xf4 CMakeFiles/main.dir/C_/Users/ailso/FreeRTOS-LTS/FreeRTOS/FreeRTOS-Kernel/tasks.c.obj
                0x1000a490                vTaskRemoveFromUnorderedEventList
 .text.vTaskInternalSetTimeOutState
                0x1000a584       0x18 CMakeFiles/main.dir/C_/Users/ailso/FreeRTOS-LTS/FreeRTOS/FreeRTOS-Kernel/tasks.c.obj
                0x1000a584                vTaskInternalSetTimeOutState
 .text.xTaskCheckForTimeOut
                0x1000a59c       0xb4 CMakeFiles/main.dir/C_/Users/ailso/FreeRTOS-LTS/FreeRTOS/FreeRTOS-Kernel/tasks.c.obj
                0x1000a59c                xTaskCheckForTimeOut
 .text.vTaskMissedYield
                0x1000a650        0xc CMakeFiles/main.dir/C_/Users/ailso/FreeRTOS-LTS/FreeRTOS/FreeRTOS-Kernel/tasks.c.obj
                0x1000a650                vTaskMissedYield
 .text.xTaskGetCurrentTaskHandle
                0x1000a65c        0xc CMakeFiles/main.dir/C_/Users/ailso/FreeRTOS-LTS/FreeRTOS/FreeRTOS-Kernel/tasks.c.obj
                0x1000a65c                xTaskGetCurrentTaskHandle
 .text.xTaskGetSchedulerState
                0x1000a668       0x24 CMakeFiles/main.dir/C_/Users/ailso/FreeRTOS-LTS/FreeRTOS/FreeRTOS-Kernel/tasks.c.obj
                0x1000a668                xTaskGetSchedulerState
 .text.xTaskPriorityInherit
                0x1000a68c       0xb4 CMakeFiles/main.dir/C_/Users/ailso/FreeRTOS-LTS/FreeRTOS/FreeRTOS-Kernel/tasks.c.obj
                0x1000a68c                xTaskPriorityInherit
 .text.xTaskPriorityDisinherit
                0x1000a740       0xc0 CMakeFiles/main.dir/C_/Users/ailso/FreeRTOS-LTS/FreeRTOS/FreeRTOS-Kernel/tasks.c.obj
                0x1000a740                xTaskPriorityDisinherit
 .text.vTaskPriorityDisinheritAfterTimeout
                0x1000a800       0xcc CMakeFiles/main.dir/C_/Users/ailso/FreeRTOS-LTS/FreeRTOS/FreeRTOS-Kernel/tasks.c.obj
                0x1000a800                vTaskPriorityDisinheritAfterTimeout
 .text.uxTaskResetEventItemValue
                0x1000a8cc       0x18 CMakeFiles/main.dir/C_/Users/ailso/FreeRTOS-LTS/FreeRTOS/FreeRTOS-Kernel/tasks.c.obj
                0x1000a8cc                uxTaskResetEventItemValue